Oct 29 08:20:18 DESKTOP-AQ1M28G systemd[1]: rsyslog.service: Sent signal SIGHUP to main process 148 (rsyslogd) on client request.
Oct 29 08:20:18 DESKTOP-AQ1M28G systemd[1]: Starting Hold until boot process finishes up...
Oct 29 08:20:18 DESKTOP-AQ1M28G systemd[1]: Starting Terminate Plymouth Boot Screen...
Oct 29 08:20:18 DESKTOP-AQ1M28G systemd[1]: Started Unattended Upgrades Shutdown.
Oct 29 08:20:18 DESKTOP-AQ1M28G systemd[1]: logrotate.service: Deactivated successfully.
Oct 29 08:20:18 DESKTOP-AQ1M28G systemd[1]: Finished Rotate log files.
Oct 29 08:20:18 DESKTOP-AQ1M28G systemd[1]: Finished Hold until boot process finishes up.
Oct 29 08:20:18 DESKTOP-AQ1M28G systemd[1]: Started Console Getty.
Oct 29 08:20:18 DESKTOP-AQ1M28G systemd[1]: Starting Set console scheme...
Oct 29 08:20:18 DESKTOP-AQ1M28G systemd[1]: Finished Terminate Plymouth Boot Screen.
Oct 29 08:20:18 DESKTOP-AQ1M28G systemd[1]: Finished Set console scheme.
Oct 29 08:20:18 DESKTOP-AQ1M28G systemd[1]: Created slice Slice /system/getty.
Oct 29 08:20:18 DESKTOP-AQ1M28G systemd[1]: Started Getty on tty1.
Oct 29 08:20:18 DESKTOP-AQ1M28G systemd[1]: Reached target Login Prompts.
Oct 29 08:20:18 DESKTOP-AQ1M28G networkd-dispatcher[147]: No valid path found for iwconfig
Oct 29 08:20:18 DESKTOP-AQ1M28G networkd-dispatcher[147]: No valid path found for iw
Oct 29 08:20:18 DESKTOP-AQ1M28G dbus-daemon[140]: [system] Activating via systemd: service name='org.freedesktop.network1' unit='dbus-org.freedesktop.network1.service' requested by ':1.3' (uid=0 pid=233 comm="/usr/bin/networkctl list --no-pager --no-legend ")
Oct 29 08:20:18 DESKTOP-AQ1M28G dbus-daemon[140]: [system] Activation via systemd failed for unit 'dbus-org.freedesktop.network1.service': Unit dbus-org.freedesktop.network1.service not found.
Oct 29 08:20:18 DESKTOP-AQ1M28G networkd-dispatcher[233]: WARNING: systemd-networkd is not running, output will be incomplete.
Oct 29 08:20:18 DESKTOP-AQ1M28G networkd-dispatcher[147]: ERROR:Unknown state for interface NetworkctlListState(idx=1, name='lo', type='loopback', operational='n/a', administrative='unmanaged'): n/a
Oct 29 08:20:18 DESKTOP-AQ1M28G networkd-dispatcher[147]: Traceback (most recent call last):
Oct 29 08:20:18 DESKTOP-AQ1M28G networkd-dispatcher[147]:   File "/usr/bin/networkd-dispatcher", line 298, in trigger_all
Oct 29 08:20:18 DESKTOP-AQ1M28G networkd-dispatcher[147]:     self.handle_state(iface_name,
Oct 29 08:20:18 DESKTOP-AQ1M28G networkd-dispatcher[147]:   File "/usr/bin/networkd-dispatcher", line 348, in handle_state
Oct 29 08:20:18 DESKTOP-AQ1M28G networkd-dispatcher[147]:     raise UnknownState(operational_state)
Oct 29 08:20:18 DESKTOP-AQ1M28G networkd-dispatcher[147]: UnknownState: n/a
Oct 29 08:20:18 DESKTOP-AQ1M28G networkd-dispatcher[147]: ERROR:Unknown state for interface NetworkctlListState(idx=2, name='eth0', type='ether', operational='n/a', administrative='unmanaged'): n/a
Oct 29 08:20:18 DESKTOP-AQ1M28G networkd-dispatcher[147]: Traceback (most recent call last):
Oct 29 08:20:18 DESKTOP-AQ1M28G networkd-dispatcher[147]:   File "/usr/bin/networkd-dispatcher", line 298, in trigger_all
Oct 29 08:20:18 DESKTOP-AQ1M28G networkd-dispatcher[147]:     self.handle_state(iface_name,
Oct 29 08:20:18 DESKTOP-AQ1M28G networkd-dispatcher[147]:   File "/usr/bin/networkd-dispatcher", line 348, in handle_state
Oct 29 08:20:18 DESKTOP-AQ1M28G networkd-dispatcher[147]:     raise UnknownState(operational_state)
Oct 29 08:20:18 DESKTOP-AQ1M28G networkd-dispatcher[147]: UnknownState: n/a
Oct 29 08:20:18 DESKTOP-AQ1M28G systemd[1]: Started Dispatcher daemon for systemd-networkd.
Oct 29 08:20:18 DESKTOP-AQ1M28G kernel: [   24.602670] misc dxg: dxgk: dxgkio_query_adapter_info: Ioctl failed: -2
Oct 29 08:20:18 DESKTOP-AQ1M28G kernel: [   24.603409] misc dxg: dxgk: dxgkio_query_adapter_info: Ioctl failed: -2
Oct 29 08:20:18 DESKTOP-AQ1M28G kernel: [   24.603959] misc dxg: dxgk: dxgkio_query_adapter_info: Ioctl failed: -2
Oct 29 08:20:18 DESKTOP-AQ1M28G kernel: [   24.604494] misc dxg: dxgk: dxgkio_query_adapter_info: Ioctl failed: -2
Oct 29 08:20:18 DESKTOP-AQ1M28G kernel: [   24.605101] misc dxg: dxgk: dxgkio_query_adapter_info: Ioctl failed: -2
Oct 29 08:20:18 DESKTOP-AQ1M28G kernel: [   24.605831] misc dxg: dxgk: dxgkio_query_adapter_info: Ioctl failed: -2
Oct 29 08:20:18 DESKTOP-AQ1M28G kernel: [   24.606443] misc dxg: dxgk: dxgkio_query_adapter_info: Ioctl failed: -2
Oct 29 08:20:18 DESKTOP-AQ1M28G kernel: [   24.607019] misc dxg: dxgk: dxgkio_query_adapter_info: Ioctl failed: -2
Oct 29 08:20:18 DESKTOP-AQ1M28G kernel: [   24.607572] misc dxg: dxgk: dxgkio_query_adapter_info: Ioctl failed: -2
Oct 29 08:20:18 DESKTOP-AQ1M28G kernel: [   24.608132] misc dxg: dxgk: dxgkio_query_adapter_info: Ioctl failed: -2
Oct 29 08:20:19 DESKTOP-AQ1M28G kernel: [   25.162696] misc dxg: dxgk: dxgkio_query_adapter_info: Ioctl failed: -2
Oct 29 08:20:20 DESKTOP-AQ1M28G snapd[149]: overlord.go:270: Acquiring state lock file
Oct 29 08:20:20 DESKTOP-AQ1M28G snapd[149]: overlord.go:275: Acquired state lock file
Oct 29 08:20:20 DESKTOP-AQ1M28G snapd[149]: daemon.go:247: started snapd/2.59.1 (series 16; classic; devmode; wsl) ubuntu/22.04 (amd64) linux/5.15.90.1-microsoft-stand.
Oct 29 08:20:20 DESKTOP-AQ1M28G snapd[149]: daemon.go:340: adjusting startup timeout by 55s (pessimistic estimate of 30s plus 5s per snap)
Oct 29 08:20:20 DESKTOP-AQ1M28G systemd[1]: tmp-syscheck\x2dmountpoint\x2d654058922.mount: Deactivated successfully.
Oct 29 08:20:20 DESKTOP-AQ1M28G snapd[149]: backends.go:58: AppArmor status: apparmor not enabled
Oct 29 08:20:20 DESKTOP-AQ1M28G systemd[1]: Started Snap Daemon.
Oct 29 08:20:20 DESKTOP-AQ1M28G dbus-daemon[140]: [system] Activating via systemd: service name='org.freedesktop.timedate1' unit='dbus-org.freedesktop.timedate1.service' requested by ':1.6' (uid=0 pid=149 comm="/usr/lib/snapd/snapd ")
Oct 29 08:20:20 DESKTOP-AQ1M28G systemd[1]: Starting Wait until snapd is fully seeded...
Oct 29 08:20:20 DESKTOP-AQ1M28G systemd[1]: Starting Time & Date Service...
Oct 29 08:20:20 DESKTOP-AQ1M28G dbus-daemon[140]: [system] Successfully activated service 'org.freedesktop.timedate1'
Oct 29 08:20:20 DESKTOP-AQ1M28G systemd[1]: Started Time & Date Service.
Oct 29 08:20:20 DESKTOP-AQ1M28G systemd[1]: Finished Wait until snapd is fully seeded.
Oct 29 08:20:20 DESKTOP-AQ1M28G systemd[1]: Condition check resulted in Auto import assertions from block devices being skipped.
Oct 29 08:20:20 DESKTOP-AQ1M28G systemd[1]: Reached target Multi-User System.
Oct 29 08:20:20 DESKTOP-AQ1M28G systemd[1]: Reached target Graphical Interface.
Oct 29 08:20:20 DESKTOP-AQ1M28G systemd[1]: Starting Record Runlevel Change in UTMP...
Oct 29 08:20:20 DESKTOP-AQ1M28G systemd[1]: systemd-update-utmp-runlevel.service: Deactivated successfully.
Oct 29 08:20:20 DESKTOP-AQ1M28G systemd[1]: Finished Record Runlevel Change in UTMP.
Oct 29 08:20:20 DESKTOP-AQ1M28G systemd[1]: Startup finished in 2.753s.
Oct 29 08:20:20 DESKTOP-AQ1M28G kernel: [   26.694925] WSL (2): Creating login session for phu
Oct 29 08:20:20 DESKTOP-AQ1M28G systemd[1]: dmesg.service: Deactivated successfully.
Oct 29 08:20:21 DESKTOP-AQ1M28G systemd[1]: Created slice User Slice of UID 1000.
Oct 29 08:20:21 DESKTOP-AQ1M28G systemd[1]: Starting User Runtime Directory /run/user/1000...
Oct 29 08:20:21 DESKTOP-AQ1M28G systemd[1]: Finished User Runtime Directory /run/user/1000.
Oct 29 08:20:21 DESKTOP-AQ1M28G systemd[1]: Starting User Manager for UID 1000...
Oct 29 08:20:21 DESKTOP-AQ1M28G systemd[420]: Queued start job for default target Main User Target.
Oct 29 08:20:21 DESKTOP-AQ1M28G kernel: [   26.854484] systemd-journald[40]: File /var/log/journal/52d59839980549a7a64178b2c88a7e14/user-1000.journal corrupted or uncleanly shut down, renaming and replacing.
Oct 29 08:20:21 DESKTOP-AQ1M28G systemd[420]: Created slice User Application Slice.
Oct 29 08:20:21 DESKTOP-AQ1M28G systemd[420]: Reached target Paths.
Oct 29 08:20:21 DESKTOP-AQ1M28G systemd[420]: Reached target Timers.
Oct 29 08:20:21 DESKTOP-AQ1M28G systemd[420]: Listening on GnuPG network certificate management daemon.
Oct 29 08:20:21 DESKTOP-AQ1M28G systemd[420]: Listening on GnuPG cryptographic agent and passphrase cache (access for web browsers).
Oct 29 08:20:21 DESKTOP-AQ1M28G systemd[420]: Listening on GnuPG cryptographic agent and passphrase cache (restricted).
Oct 29 08:20:21 DESKTOP-AQ1M28G systemd[420]: Listening on GnuPG cryptographic agent (ssh-agent emulation).
Oct 29 08:20:21 DESKTOP-AQ1M28G systemd[420]: Listening on GnuPG cryptographic agent and passphrase cache.
Oct 29 08:20:21 DESKTOP-AQ1M28G systemd[420]: Listening on debconf communication socket.
Oct 29 08:20:21 DESKTOP-AQ1M28G systemd[420]: Listening on REST API socket for snapd user session agent.
Oct 29 08:20:21 DESKTOP-AQ1M28G systemd[420]: Reached target Sockets.
Oct 29 08:20:21 DESKTOP-AQ1M28G systemd[420]: Reached target Basic System.
Oct 29 08:20:21 DESKTOP-AQ1M28G systemd[420]: Reached target Main User Target.
Oct 29 08:20:21 DESKTOP-AQ1M28G systemd[420]: Startup finished in 59ms.
Oct 29 08:20:21 DESKTOP-AQ1M28G systemd[1]: Started User Manager for UID 1000.
Oct 29 08:20:21 DESKTOP-AQ1M28G systemd[1]: Started Session c1 of User phu.
Oct 29 08:20:21 DESKTOP-AQ1M28G -m: i18n file is /snap/ubuntu-desktop-installer/1223/bin/subiquity/subiquitycore/i18n.py
Oct 29 08:20:21 DESKTOP-AQ1M28G -m: Final localedir is /snap/ubuntu-desktop-installer/share/locale
Oct 29 08:20:21 DESKTOP-AQ1M28G -m: switch_language en_US
Oct 29 08:20:22 DESKTOP-AQ1M28G kernel: [   27.808119] TCP: eth0: Driver has suspect GRO implementation, TCP performance may be compromised.
Oct 29 08:20:26 DESKTOP-AQ1M28G snapd[149]: storehelpers.go:769: cannot refresh: snap has no updates available: "bare", "core22", "gtk-common-themes"
Oct 29 08:20:43 DESKTOP-AQ1M28G systemd[1]: Reloading.
Oct 29 08:20:43 DESKTOP-AQ1M28G systemd[1]: Mounting Mount unit for snapd, revision 20290...
Oct 29 08:20:43 DESKTOP-AQ1M28G systemd[1]: Mounted Mount unit for snapd, revision 20290.
Oct 29 08:20:43 DESKTOP-AQ1M28G snapd[149]: daemon.go:521: gracefully waiting for running hooks
Oct 29 08:20:43 DESKTOP-AQ1M28G snapd[149]: daemon.go:523: done waiting for running hooks
Oct 29 08:20:43 DESKTOP-AQ1M28G kernel: [   49.460530] hv_balloon: Max. dynamic memory size: 4030 MB
Oct 29 08:20:43 DESKTOP-AQ1M28G snapd[149]: overlord.go:514: Released state lock file
Oct 29 08:20:43 DESKTOP-AQ1M28G systemd[1]: snapd.service: Deactivated successfully.
Oct 29 08:20:43 DESKTOP-AQ1M28G systemd[1]: snapd.service: Scheduled restart job, restart counter is at 1.
Oct 29 08:20:43 DESKTOP-AQ1M28G systemd[1]: Stopped Snap Daemon.
Oct 29 08:20:43 DESKTOP-AQ1M28G systemd[1]: Starting Snap Daemon...
Oct 29 08:20:44 DESKTOP-AQ1M28G snapd[607]: overlord.go:272: Acquiring state lock file
Oct 29 08:20:44 DESKTOP-AQ1M28G snapd[607]: overlord.go:277: Acquired state lock file
Oct 29 08:20:44 DESKTOP-AQ1M28G snapd[607]: patch.go:64: Patching system state level 6 to sublevel 1...
Oct 29 08:20:44 DESKTOP-AQ1M28G snapd[607]: patch.go:64: Patching system state level 6 to sublevel 2...
Oct 29 08:20:44 DESKTOP-AQ1M28G snapd[607]: patch.go:64: Patching system state level 6 to sublevel 3...
Oct 29 08:20:44 DESKTOP-AQ1M28G snapd[607]: daemon.go:247: started snapd/2.60.4 (series 16; classic; devmode; wsl) ubuntu/22.04 (amd64) linux/5.15.90.1-microsoft-stand.
Oct 29 08:20:44 DESKTOP-AQ1M28G snapd[607]: daemon.go:340: adjusting startup timeout by 55s (pessimistic estimate of 30s plus 5s per snap)
Oct 29 08:20:44 DESKTOP-AQ1M28G systemd[1]: tmp-syscheck\x2dmountpoint\x2d2169737919.mount: Deactivated successfully.
Oct 29 08:20:44 DESKTOP-AQ1M28G snapd[607]: backends.go:58: AppArmor status: apparmor not enabled
Oct 29 08:20:45 DESKTOP-AQ1M28G systemd[1]: Started Snap Daemon.
Oct 29 08:20:49 DESKTOP-AQ1M28G systemd[1]: Starting Online ext4 Metadata Check for All Filesystems...
Oct 29 08:20:49 DESKTOP-AQ1M28G systemd[1]: e2scrub_all.service: Deactivated successfully.
Oct 29 08:20:49 DESKTOP-AQ1M28G systemd[1]: Finished Online ext4 Metadata Check for All Filesystems.
Oct 29 08:20:56 DESKTOP-AQ1M28G systemd[1]: Reloading.
Oct 29 08:20:57 DESKTOP-AQ1M28G systemd[1]: Mounting Mount unit for ubuntu-desktop-installer, revision 1271...
Oct 29 08:20:57 DESKTOP-AQ1M28G systemd[1]: Mounted Mount unit for ubuntu-desktop-installer, revision 1271.
Oct 29 08:20:57 DESKTOP-AQ1M28G systemd[1]: Stopping Service for snap application ubuntu-desktop-installer.subiquity-server...
Oct 29 08:20:57 DESKTOP-AQ1M28G systemd[1]: snap.ubuntu-desktop-installer.subiquity-server.service: Deactivated successfully.
Oct 29 08:20:57 DESKTOP-AQ1M28G systemd[1]: Stopped Service for snap application ubuntu-desktop-installer.subiquity-server.
Oct 29 08:20:57 DESKTOP-AQ1M28G snapd[607]: services.go:1103: RemoveSnapServices - disabling snap.ubuntu-desktop-installer.subiquity-server.service
Oct 29 08:20:57 DESKTOP-AQ1M28G systemd[1]: Reloading.
Oct 29 08:20:58 DESKTOP-AQ1M28G systemd[1]: message repeated 2 times: [ Reloading.]
Oct 29 08:20:58 DESKTOP-AQ1M28G systemd[1]: Started Service for snap application ubuntu-desktop-installer.subiquity-server.
Oct 29 08:20:58 DESKTOP-AQ1M28G systemd[1]: snap-ubuntu\x2ddesktop\x2dinstaller-1217.mount: Deactivated successfully.
Oct 29 08:20:58 DESKTOP-AQ1M28G systemd[1]: Reloading.
Oct 29 08:20:58 DESKTOP-AQ1M28G snapd[607]: storehelpers.go:773: cannot refresh: snap has no updates available: "snapd", "ubuntu-desktop-installer"
Oct 29 08:20:59 DESKTOP-AQ1M28G -m: i18n file is /snap/ubuntu-desktop-installer/1271/bin/subiquity/subiquitycore/i18n.py
Oct 29 08:20:59 DESKTOP-AQ1M28G -m: Final localedir is /snap/ubuntu-desktop-installer/share/locale
Oct 29 08:20:59 DESKTOP-AQ1M28G -m: switch_language en_US
Oct 29 08:21:15 DESKTOP-AQ1M28G systemd[1]: systemd-timedated.service: Deactivated successfully.
Oct 30 15:28:03 DESKTOP-AQ1M28G kernel: [    0.000000] Linux version 5.15.90.1-microsoft-standard-WSL2 (oe-user@oe-host) (x86_64-msft-linux-gcc (GCC) 9.3.0, GNU ld (GNU Binutils) 2.34.0.20200220) #1 SMP Fri Jan 27 02:56:13 UTC 2023
Oct 30 15:28:03 DESKTOP-AQ1M28G kernel: [    0.000000] Command line: initrd=\initrd.img WSL_ROOT_INIT=1 panic=-1 nr_cpus=12 bonding.max_bonds=0 dummy.numdummies=0 fb_tunnels=none swiotlb=force console=hvc0 debug pty.legacy_count=0
Oct 30 15:28:03 DESKTOP-AQ1M28G kernel: [    0.000000] KERNEL supported cpus:
Oct 30 15:28:03 DESKTOP-AQ1M28G kernel: [    0.000000]   Intel GenuineIntel
Oct 30 15:28:03 DESKTOP-AQ1M28G kernel: [    0.000000]   AMD AuthenticAMD
Oct 30 15:28:03 DESKTOP-AQ1M28G kernel: [    0.000000]   Centaur CentaurHauls
Oct 30 15:28:03 DESKTOP-AQ1M28G kernel: [    0.000000] x86/fpu: Supporting XSAVE feature 0x001: 'x87 floating point registers'
Oct 30 15:28:03 DESKTOP-AQ1M28G kernel: [    0.000000] x86/fpu: Supporting XSAVE feature 0x002: 'SSE registers'
Oct 30 15:28:03 DESKTOP-AQ1M28G kernel: [    0.000000] x86/fpu: Supporting XSAVE feature 0x004: 'AVX registers'
Oct 30 15:28:03 DESKTOP-AQ1M28G kernel: [    0.000000] x86/fpu: xstate_offset[2]:  576, xstate_sizes[2]:  256
Oct 30 15:28:03 DESKTOP-AQ1M28G kernel: [    0.000000] x86/fpu: Enabled xstate features 0x7, context size is 832 bytes, using 'compacted' format.
Oct 30 15:28:03 DESKTOP-AQ1M28G kernel: [    0.000000] signal: max sigframe size: 1776
Oct 30 15:28:03 DESKTOP-AQ1M28G kernel: [    0.000000] BIOS-provided physical RAM map:
Oct 30 15:28:03 DESKTOP-AQ1M28G kernel: [    0.000000] BIOS-e820: [mem 0x0000000000000000-0x000000000009ffff] usable
Oct 30 15:28:03 DESKTOP-AQ1M28G kernel: [    0.000000] BIOS-e820: [mem 0x00000000000e0000-0x00000000000e0fff] reserved
Oct 30 15:28:03 DESKTOP-AQ1M28G kernel: [    0.000000] BIOS-e820: [mem 0x0000000000100000-0x00000000001fffff] ACPI data
Oct 30 15:28:03 DESKTOP-AQ1M28G kernel: [    0.000000] BIOS-e820: [mem 0x0000000000200000-0x00000000f7ffffff] usable
Oct 30 15:28:03 DESKTOP-AQ1M28G kernel: [    0.000000] BIOS-e820: [mem 0x0000000100000000-0x0000000103dfffff] usable
Oct 30 15:28:03 DESKTOP-AQ1M28G kernel: [    0.000000] NX (Execute Disable) protection: active
Oct 30 15:28:03 DESKTOP-AQ1M28G kernel: [    0.000000] DMI not present or invalid.
Oct 30 15:28:03 DESKTOP-AQ1M28G kernel: [    0.000000] Hypervisor detected: Microsoft Hyper-V
Oct 30 15:28:03 DESKTOP-AQ1M28G kernel: [    0.000000] Hyper-V: privilege flags low 0xae7f, high 0x3b8030, hints 0xc2c, misc 0xe0bed7b6
Oct 30 15:28:03 DESKTOP-AQ1M28G kernel: [    0.000000] Hyper-V Host Build:22621-10.0-2-0.2428
Oct 30 15:28:03 DESKTOP-AQ1M28G kernel: [    0.000000] Hyper-V: Nested features: 0x4a0000
Oct 30 15:28:03 DESKTOP-AQ1M28G kernel: [    0.000000] Hyper-V: LAPIC Timer Frequency: 0x1e8480
Oct 30 15:28:03 DESKTOP-AQ1M28G kernel: [    0.000000] Hyper-V: Using hypercall for remote TLB flush
Oct 30 15:28:03 DESKTOP-AQ1M28G kernel: [    0.000000] clocksource: hyperv_clocksource_tsc_page: mask: 0xffffffffffffffff max_cycles: 0x24e6a1710, max_idle_ns: 440795202120 ns
Oct 30 15:28:03 DESKTOP-AQ1M28G kernel: [    0.000004] tsc: Detected 2994.281 MHz processor
Oct 30 15:28:03 DESKTOP-AQ1M28G kernel: [    0.000043] e820: update [mem 0x00000000-0x00000fff] usable ==> reserved
Oct 30 15:28:03 DESKTOP-AQ1M28G kernel: [    0.000049] e820: remove [mem 0x000a0000-0x000fffff] usable
Oct 30 15:28:03 DESKTOP-AQ1M28G kernel: [    0.000053] last_pfn = 0x103e00 max_arch_pfn = 0x400000000
Oct 30 15:28:03 DESKTOP-AQ1M28G kernel: [    0.000102] x86/PAT: Configuration [0-7]: WB  WC  UC- UC  WB  WP  UC- WT  
Oct 30 15:28:03 DESKTOP-AQ1M28G kernel: [    0.000122] last_pfn = 0xf8000 max_arch_pfn = 0x400000000
Oct 30 15:28:03 DESKTOP-AQ1M28G kernel: [    0.000141] Using GB pages for direct mapping
Oct 30 15:28:03 DESKTOP-AQ1M28G kernel: [    0.000332] RAMDISK: [mem 0x03a35000-0x03c18fff]
Oct 30 15:28:03 DESKTOP-AQ1M28G kernel: [    0.000337] ACPI: Early table checksum verification disabled
Oct 30 15:28:03 DESKTOP-AQ1M28G kernel: [    0.000351] ACPI: RSDP 0x00000000000E0000 000024 (v02 VRTUAL)
Oct 30 15:28:03 DESKTOP-AQ1M28G kernel: [    0.000357] ACPI: XSDT 0x0000000000100000 000044 (v01 VRTUAL MICROSFT 00000001 MSFT 00000001)
Oct 30 15:28:03 DESKTOP-AQ1M28G kernel: [    0.000364] ACPI: FACP 0x0000000000101000 000114 (v06 VRTUAL MICROSFT 00000001 MSFT 00000001)
Oct 30 15:28:03 DESKTOP-AQ1M28G kernel: [    0.000372] ACPI: DSDT 0x00000000001011B8 01E191 (v02 MSFTVM DSDT01   00000001 MSFT 05000000)
Oct 30 15:28:03 DESKTOP-AQ1M28G kernel: [    0.000376] ACPI: FACS 0x0000000000101114 000040
Oct 30 15:28:03 DESKTOP-AQ1M28G kernel: [    0.000383] ACPI: OEM0 0x0000000000101154 000064 (v01 VRTUAL MICROSFT 00000001 MSFT 00000001)
Oct 30 15:28:03 DESKTOP-AQ1M28G kernel: [    0.000387] ACPI: SRAT 0x000000000011F349 000370 (v02 VRTUAL MICROSFT 00000001 MSFT 00000001)
Oct 30 15:28:03 DESKTOP-AQ1M28G kernel: [    0.000390] ACPI: APIC 0x000000000011F6B9 0000A8 (v04 VRTUAL MICROSFT 00000001 MSFT 00000001)
Oct 30 15:28:03 DESKTOP-AQ1M28G kernel: [    0.000392] ACPI: Reserving FACP table memory at [mem 0x101000-0x101113]
Oct 30 15:28:03 DESKTOP-AQ1M28G kernel: [    0.000394] ACPI: Reserving DSDT table memory at [mem 0x1011b8-0x11f348]
Oct 30 15:28:03 DESKTOP-AQ1M28G kernel: [    0.000396] ACPI: Reserving FACS table memory at [mem 0x101114-0x101153]
Oct 30 15:28:03 DESKTOP-AQ1M28G kernel: [    0.000397] ACPI: Reserving OEM0 table memory at [mem 0x101154-0x1011b7]
Oct 30 15:28:03 DESKTOP-AQ1M28G kernel: [    0.000398] ACPI: Reserving SRAT table memory at [mem 0x11f349-0x11f6b8]
Oct 30 15:28:03 DESKTOP-AQ1M28G kernel: [    0.000399] ACPI: Reserving APIC table memory at [mem 0x11f6b9-0x11f760]
Oct 30 15:28:03 DESKTOP-AQ1M28G kernel: [    0.001210] Zone ranges:
Oct 30 15:28:03 DESKTOP-AQ1M28G kernel: [    0.001219]   DMA      [mem 0x0000000000001000-0x0000000000ffffff]
Oct 30 15:28:03 DESKTOP-AQ1M28G kernel: [    0.001223]   DMA32    [mem 0x0000000001000000-0x00000000ffffffff]
Oct 30 15:28:03 DESKTOP-AQ1M28G kernel: [    0.001225]   Normal   [mem 0x0000000100000000-0x0000000103dfffff]
Oct 30 15:28:03 DESKTOP-AQ1M28G kernel: [    0.001227]   Device   empty
Oct 30 15:28:03 DESKTOP-AQ1M28G kernel: [    0.001229] Movable zone start for each node
Oct 30 15:28:03 DESKTOP-AQ1M28G kernel: [    0.001231] Early memory node ranges
Oct 30 15:28:03 DESKTOP-AQ1M28G kernel: [    0.001231]   node   0: [mem 0x0000000000001000-0x000000000009ffff]
Oct 30 15:28:03 DESKTOP-AQ1M28G kernel: [    0.001235]   node   0: [mem 0x0000000000200000-0x00000000f7ffffff]
Oct 30 15:28:03 DESKTOP-AQ1M28G kernel: [    0.001236]   node   0: [mem 0x0000000100000000-0x0000000103dfffff]
Oct 30 15:28:03 DESKTOP-AQ1M28G kernel: [    0.001238] Initmem setup node 0 [mem 0x0000000000001000-0x0000000103dfffff]
Oct 30 15:28:03 DESKTOP-AQ1M28G kernel: [    0.001714] On node 0, zone DMA: 1 pages in unavailable ranges
Oct 30 15:28:03 DESKTOP-AQ1M28G kernel: [    0.001788] On node 0, zone DMA: 352 pages in unavailable ranges
Oct 30 15:28:03 DESKTOP-AQ1M28G kernel: [    0.050431] On node 0, zone Normal: 16896 pages in unavailable ranges
Oct 30 15:28:03 DESKTOP-AQ1M28G kernel: [    0.050538] ACPI: LAPIC_NMI (acpi_id[0x01] dfl dfl lint[0x1])
Oct 30 15:28:03 DESKTOP-AQ1M28G kernel: [    0.051363] IOAPIC[0]: apic_id 12, version 17, address 0xfec00000, GSI 0-23
Oct 30 15:28:03 DESKTOP-AQ1M28G kernel: [    0.051378] ACPI: INT_SRC_OVR (bus 0 bus_irq 9 global_irq 9 high level)
Oct 30 15:28:03 DESKTOP-AQ1M28G kernel: [    0.051385] ACPI: Using ACPI (MADT) for SMP configuration information
Oct 30 15:28:03 DESKTOP-AQ1M28G kernel: [    0.051397] smpboot: Allowing 12 CPUs, 0 hotplug CPUs
Oct 30 15:28:03 DESKTOP-AQ1M28G kernel: [    0.051418] [mem 0xf8000000-0xffffffff] available for PCI devices
Oct 30 15:28:03 DESKTOP-AQ1M28G kernel: [    0.051420] Booting paravirtualized kernel on Hyper-V
Oct 30 15:28:03 DESKTOP-AQ1M28G kernel: [    0.051424] clocksource: refined-jiffies: mask: 0xffffffff max_cycles: 0xffffffff, max_idle_ns: 19112604462750000 ns
Oct 30 15:28:03 DESKTOP-AQ1M28G kernel: [    0.057566] setup_percpu: NR_CPUS:256 nr_cpumask_bits:256 nr_cpu_ids:12 nr_node_ids:1
Oct 30 15:28:03 DESKTOP-AQ1M28G kernel: [    0.061059] percpu: Embedded 53 pages/cpu s177496 r8192 d31400 u262144
Oct 30 15:28:03 DESKTOP-AQ1M28G kernel: [    0.061081] pcpu-alloc: s177496 r8192 d31400 u262144 alloc=1*2097152
Oct 30 15:28:03 DESKTOP-AQ1M28G kernel: [    0.061086] pcpu-alloc: [0] 00 01 02 03 04 05 06 07 [0] 08 09 10 11 -- -- -- -- 
Oct 30 15:28:03 DESKTOP-AQ1M28G kernel: [    0.061115] Hyper-V: PV spinlocks enabled
Oct 30 15:28:03 DESKTOP-AQ1M28G kernel: [    0.061119] PV qspinlock hash table entries: 256 (order: 0, 4096 bytes, linear)
Oct 30 15:28:03 DESKTOP-AQ1M28G kernel: [    0.061128] Built 1 zonelists, mobility grouping on.  Total pages: 1014541
Oct 30 15:28:03 DESKTOP-AQ1M28G kernel: [    0.061244] Kernel command line: initrd=\initrd.img WSL_ROOT_INIT=1 panic=-1 nr_cpus=12 bonding.max_bonds=0 dummy.numdummies=0 fb_tunnels=none swiotlb=force console=hvc0 debug pty.legacy_count=0
Oct 30 15:28:03 DESKTOP-AQ1M28G kernel: [    0.061412] Unknown kernel command line parameters "WSL_ROOT_INIT=1", will be passed to user space.
Oct 30 15:28:03 DESKTOP-AQ1M28G kernel: [    0.063670] Dentry cache hash table entries: 524288 (order: 10, 4194304 bytes, linear)
Oct 30 15:28:03 DESKTOP-AQ1M28G kernel: [    0.064868] Inode-cache hash table entries: 262144 (order: 9, 2097152 bytes, linear)
Oct 30 15:28:03 DESKTOP-AQ1M28G kernel: [    0.065080] mem auto-init: stack:off, heap alloc:off, heap free:off
Oct 30 15:28:03 DESKTOP-AQ1M28G kernel: [    0.151179] Memory: 3938836K/4125308K available (18452K kernel code, 2628K rwdata, 9776K rodata, 2008K init, 1892K bss, 186216K reserved, 0K cma-reserved)
Oct 30 15:28:03 DESKTOP-AQ1M28G kernel: [    0.151244] SLUB: HWalign=64, Order=0-3, MinObjects=0, CPUs=12, Nodes=1
Oct 30 15:28:03 DESKTOP-AQ1M28G kernel: [    0.151258] ftrace: allocating 54631 entries in 214 pages
Oct 30 15:28:03 DESKTOP-AQ1M28G kernel: [    0.177211] ftrace: allocated 214 pages with 5 groups
Oct 30 15:28:03 DESKTOP-AQ1M28G kernel: [    0.178036] rcu: Hierarchical RCU implementation.
Oct 30 15:28:03 DESKTOP-AQ1M28G kernel: [    0.178044] rcu: 	RCU restricting CPUs from NR_CPUS=256 to nr_cpu_ids=12.
Oct 30 15:28:03 DESKTOP-AQ1M28G kernel: [    0.178046] 	Rude variant of Tasks RCU enabled.
Oct 30 15:28:03 DESKTOP-AQ1M28G kernel: [    0.178047] 	Tracing variant of Tasks RCU enabled.
Oct 30 15:28:03 DESKTOP-AQ1M28G kernel: [    0.178049] rcu: RCU calculated value of scheduler-enlistment delay is 10 jiffies.
Oct 30 15:28:03 DESKTOP-AQ1M28G kernel: [    0.178051] rcu: Adjusting geometry for rcu_fanout_leaf=16, nr_cpu_ids=12
Oct 30 15:28:03 DESKTOP-AQ1M28G kernel: [    0.183433] Using NULL legacy PIC
Oct 30 15:28:03 DESKTOP-AQ1M28G kernel: [    0.183440] NR_IRQS: 16640, nr_irqs: 520, preallocated irqs: 0
Oct 30 15:28:03 DESKTOP-AQ1M28G kernel: [    0.183867] random: crng init done
Oct 30 15:28:03 DESKTOP-AQ1M28G kernel: [    0.183905] Console: colour dummy device 80x25
Oct 30 15:28:03 DESKTOP-AQ1M28G kernel: [    0.183916] ACPI: Core revision 20210730
Oct 30 15:28:03 DESKTOP-AQ1M28G kernel: [    0.184026] Failed to register legacy timer interrupt
Oct 30 15:28:03 DESKTOP-AQ1M28G kernel: [    0.184026] APIC: Switch to symmetric I/O mode setup
Oct 30 15:28:03 DESKTOP-AQ1M28G kernel: [    0.184028] Switched APIC routing to physical flat.
Oct 30 15:28:03 DESKTOP-AQ1M28G kernel: [    0.184052] Hyper-V: Using IPI hypercalls
Oct 30 15:28:03 DESKTOP-AQ1M28G kernel: [    0.184053] Hyper-V: Using enlightened APIC (xapic mode)
Oct 30 15:28:03 DESKTOP-AQ1M28G kernel: [    0.184167] clocksource: tsc-early: mask: 0xffffffffffffffff max_cycles: 0x2b292ac2cec, max_idle_ns: 440795292908 ns
Oct 30 15:28:03 DESKTOP-AQ1M28G kernel: [    0.184176] Calibrating delay loop (skipped), value calculated using timer frequency.. 5988.56 BogoMIPS (lpj=29942810)
Oct 30 15:28:03 DESKTOP-AQ1M28G kernel: [    0.184178] pid_max: default: 32768 minimum: 301
Oct 30 15:28:03 DESKTOP-AQ1M28G systemd-sysctl[59]: Couldn't write '176' to 'kernel/sysrq', ignoring: No such file or directory
Oct 30 15:28:03 DESKTOP-AQ1M28G kernel: [    0.184192] LSM: Security Framework initializing
Oct 30 15:28:03 DESKTOP-AQ1M28G kernel: [    0.184196] landlock: Up and running.
Oct 30 15:28:03 DESKTOP-AQ1M28G kernel: [    0.184244] Mount-cache hash table entries: 8192 (order: 4, 65536 bytes, linear)
Oct 30 15:28:03 DESKTOP-AQ1M28G kernel: [    0.184255] Mountpoint-cache hash table entries: 8192 (order: 4, 65536 bytes, linear)
Oct 30 15:28:03 DESKTOP-AQ1M28G kernel: [    0.184513] x86/cpu: User Mode Instruction Prevention (UMIP) activated
Oct 30 15:28:03 DESKTOP-AQ1M28G kernel: [    0.184531] Last level iTLB entries: 4KB 1024, 2MB 1024, 4MB 512
Oct 30 15:28:03 DESKTOP-AQ1M28G kernel: [    0.184532] Last level dTLB entries: 4KB 2048, 2MB 2048, 4MB 1024, 1GB 0
Oct 30 15:28:03 DESKTOP-AQ1M28G kernel: [    0.184536] Spectre V1 : Mitigation: usercopy/swapgs barriers and __user pointer sanitization
Oct 30 15:28:03 DESKTOP-AQ1M28G kernel: [    0.184538] Spectre V2 : Mitigation: Retpolines
Oct 30 15:28:03 DESKTOP-AQ1M28G kernel: [    0.184539] Spectre V2 : Spectre v2 / SpectreRSB mitigation: Filling RSB on context switch
Oct 30 15:28:03 DESKTOP-AQ1M28G kernel: [    0.184540] Spectre V2 : Spectre v2 / SpectreRSB : Filling RSB on VMEXIT
Oct 30 15:28:03 DESKTOP-AQ1M28G kernel: [    0.184540] Spectre V2 : Enabling Speculation Barrier for firmware calls
Oct 30 15:28:03 DESKTOP-AQ1M28G kernel: [    0.184541] RETBleed: Mitigation: untrained return thunk
Oct 30 15:28:03 DESKTOP-AQ1M28G kernel: [    0.184542] Spectre V2 : mitigation: Enabling conditional Indirect Branch Prediction Barrier
Oct 30 15:28:03 DESKTOP-AQ1M28G kernel: [    0.184543] Spectre V2 : Selecting STIBP always-on mode to complement retbleed mitigation
Oct 30 15:28:03 DESKTOP-AQ1M28G kernel: [    0.184544] Spectre V2 : User space: Mitigation: STIBP always-on protection
Oct 30 15:28:03 DESKTOP-AQ1M28G kernel: [    0.184545] Speculative Store Bypass: Mitigation: Speculative Store Bypass disabled via prctl and seccomp
Oct 30 15:28:03 DESKTOP-AQ1M28G kernel: [    0.194134] Freeing SMP alternatives memory: 60K
Oct 30 15:28:03 DESKTOP-AQ1M28G kernel: [    0.194172] smpboot: CPU0: AMD Ryzen 5 4600H with Radeon Graphics (family: 0x17, model: 0x60, stepping: 0x1)
Oct 30 15:28:03 DESKTOP-AQ1M28G kernel: [    0.194172] Performance Events: Fam17h+ core perfctr, AMD PMU driver.
Oct 30 15:28:03 DESKTOP-AQ1M28G kernel: [    0.194172] ... version:                0
Oct 30 15:28:03 DESKTOP-AQ1M28G kernel: [    0.194172] ... bit width:              48
Oct 30 15:28:03 DESKTOP-AQ1M28G kernel: [    0.194172] ... generic registers:      6
Oct 30 15:28:03 DESKTOP-AQ1M28G kernel: [    0.194172] ... value mask:             0000ffffffffffff
Oct 30 15:28:03 DESKTOP-AQ1M28G kernel: [    0.194172] ... max period:             00007fffffffffff
Oct 30 15:28:03 DESKTOP-AQ1M28G kernel: [    0.194172] ... fixed-purpose events:   0
Oct 30 15:28:03 DESKTOP-AQ1M28G kernel: [    0.194172] ... event mask:             000000000000003f
Oct 30 15:28:03 DESKTOP-AQ1M28G kernel: [    0.194172] rcu: Hierarchical SRCU implementation.
Oct 30 15:28:03 DESKTOP-AQ1M28G kernel: [    0.194172] smp: Bringing up secondary CPUs ...
Oct 30 15:28:03 DESKTOP-AQ1M28G kernel: [    0.194172] x86: Booting SMP configuration:
Oct 30 15:28:03 DESKTOP-AQ1M28G kernel: [    0.194172] .... node  #0, CPUs:        #1
Oct 30 15:28:03 DESKTOP-AQ1M28G kernel: [    0.194172] Spectre V2 : Update user space SMT mitigation: STIBP always-on
Oct 30 15:28:03 DESKTOP-AQ1M28G kernel: [    0.194172]   #2  #3  #4  #5  #6  #7  #8  #9 #10 #11
Oct 30 15:28:03 DESKTOP-AQ1M28G kernel: [    0.195178] smp: Brought up 1 node, 12 CPUs
Oct 30 15:28:03 DESKTOP-AQ1M28G kernel: [    0.195178] smpboot: Max logical packages: 1
Oct 30 15:28:03 DESKTOP-AQ1M28G kernel: [    0.195178] smpboot: Total of 12 processors activated (71862.74 BogoMIPS)
Oct 30 15:28:03 DESKTOP-AQ1M28G kernel: [    0.197343] devtmpfs: initialized
Oct 30 15:28:03 DESKTOP-AQ1M28G kernel: [    0.197343] x86/mm: Memory block size: 128MB
Oct 30 15:28:03 DESKTOP-AQ1M28G kernel: [    0.197343] clocksource: jiffies: mask: 0xffffffff max_cycles: 0xffffffff, max_idle_ns: 19112604462750000 ns
Oct 30 15:28:03 DESKTOP-AQ1M28G kernel: [    0.197343] futex hash table entries: 4096 (order: 6, 262144 bytes, linear)
Oct 30 15:28:03 DESKTOP-AQ1M28G kernel: [    0.197343] NET: Registered PF_NETLINK/PF_ROUTE protocol family
Oct 30 15:28:03 DESKTOP-AQ1M28G kernel: [    0.197343] thermal_sys: Registered thermal governor 'step_wise'
Oct 30 15:28:03 DESKTOP-AQ1M28G kernel: [    0.197343] cpuidle: using governor menu
Oct 30 15:28:03 DESKTOP-AQ1M28G kernel: [    0.197343] ACPI: bus type PCI registered
Oct 30 15:28:03 DESKTOP-AQ1M28G kernel: [    0.197343] PCI: Fatal: No config space access function found
Oct 30 15:28:03 DESKTOP-AQ1M28G kernel: [    0.197343] Kprobes globally optimized
Oct 30 15:28:03 DESKTOP-AQ1M28G kernel: [    0.197343] HugeTLB registered 1.00 GiB page size, pre-allocated 0 pages
Oct 30 15:28:03 DESKTOP-AQ1M28G kernel: [    0.197343] HugeTLB registered 2.00 MiB page size, pre-allocated 0 pages
Oct 30 15:28:03 DESKTOP-AQ1M28G kernel: [    0.204693] raid6: skip pq benchmark and using algorithm avx2x4
Oct 30 15:28:03 DESKTOP-AQ1M28G kernel: [    0.204693] raid6: using avx2x2 recovery algorithm
Oct 30 15:28:03 DESKTOP-AQ1M28G kernel: [    0.204693] ACPI: Added _OSI(Module Device)
Oct 30 15:28:03 DESKTOP-AQ1M28G kernel: [    0.204693] ACPI: Added _OSI(Processor Device)
Oct 30 15:28:03 DESKTOP-AQ1M28G kernel: [    0.204693] ACPI: Added _OSI(3.0 _SCP Extensions)
Oct 30 15:28:03 DESKTOP-AQ1M28G kernel: [    0.204693] ACPI: Added _OSI(Processor Aggregator Device)
Oct 30 15:28:03 DESKTOP-AQ1M28G kernel: [    0.204693] ACPI: Added _OSI(Linux-Dell-Video)
Oct 30 15:28:03 DESKTOP-AQ1M28G kernel: [    0.204693] ACPI: Added _OSI(Linux-Lenovo-NV-HDMI-Audio)
Oct 30 15:28:03 DESKTOP-AQ1M28G kernel: [    0.204693] ACPI: Added _OSI(Linux-HPI-Hybrid-Graphics)
Oct 30 15:28:03 DESKTOP-AQ1M28G kernel: [    0.215779] ACPI: 1 ACPI AML tables successfully acquired and loaded
Oct 30 15:28:03 DESKTOP-AQ1M28G kernel: [    0.216856] ACPI: Interpreter enabled
Oct 30 15:28:03 DESKTOP-AQ1M28G kernel: [    0.216863] ACPI: PM: (supports S0 S5)
Oct 30 15:28:03 DESKTOP-AQ1M28G kernel: [    0.216866] ACPI: Using IOAPIC for interrupt routing
Oct 30 15:28:03 DESKTOP-AQ1M28G kernel: [    0.216880] PCI: Using host bridge windows from ACPI; if necessary, use "pci=nocrs" and report a bug
Oct 30 15:28:03 DESKTOP-AQ1M28G kernel: [    0.217058] ACPI: Enabled 2 GPEs in block 00 to 0F
Oct 30 15:28:03 DESKTOP-AQ1M28G kernel: [    0.218613] iommu: Default domain type: Translated 
Oct 30 15:28:03 DESKTOP-AQ1M28G kernel: [    0.218619] iommu: DMA domain TLB invalidation policy: lazy mode 
Oct 30 15:28:03 DESKTOP-AQ1M28G kernel: [    0.218704] SCSI subsystem initialized
Oct 30 15:28:03 DESKTOP-AQ1M28G kernel: [    0.218712] ACPI: bus type USB registered
Oct 30 15:28:03 DESKTOP-AQ1M28G kernel: [    0.218721] usbcore: registered new interface driver usbfs
Oct 30 15:28:03 DESKTOP-AQ1M28G kernel: [    0.218725] usbcore: registered new interface driver hub
Oct 30 15:28:03 DESKTOP-AQ1M28G kernel: [    0.218729] usbcore: registered new device driver usb
Oct 30 15:28:03 DESKTOP-AQ1M28G kernel: [    0.218778] pps_core: LinuxPPS API ver. 1 registered
Oct 30 15:28:03 DESKTOP-AQ1M28G kernel: [    0.218779] pps_core: Software ver. 5.3.6 - Copyright 2005-2007 Rodolfo Giometti <giometti@linux.it>
Oct 30 15:28:03 DESKTOP-AQ1M28G kernel: [    0.218781] PTP clock support registered
Oct 30 15:28:03 DESKTOP-AQ1M28G kernel: [    0.218827] hv_vmbus: Vmbus version:5.3
Oct 30 15:28:03 DESKTOP-AQ1M28G kernel: [    0.218827] PCI: Using ACPI for IRQ routing
Oct 30 15:28:03 DESKTOP-AQ1M28G kernel: [    0.218827] PCI: System does not support PCI
Oct 30 15:28:03 DESKTOP-AQ1M28G kernel: [    0.218827] clocksource: Switched to clocksource tsc-early
Oct 30 15:28:03 DESKTOP-AQ1M28G kernel: [    0.218827] hv_vmbus: Unknown GUID: c376c1c3-d276-48d2-90a9-c04748072c60
Oct 30 15:28:03 DESKTOP-AQ1M28G kernel: [    0.218827] hv_vmbus: Unknown GUID: 6e382d18-3336-4f4b-acc4-2b7703d4df4a
Oct 30 15:28:03 DESKTOP-AQ1M28G kernel: [    0.218827] hv_vmbus: Unknown GUID: dde9cbc0-5060-4436-9448-ea1254a5d177
Oct 30 15:28:03 DESKTOP-AQ1M28G kernel: [    0.231050] VFS: Disk quotas dquot_6.6.0
Oct 30 15:28:03 DESKTOP-AQ1M28G kernel: [    0.231070] VFS: Dquot-cache hash table entries: 512 (order 0, 4096 bytes)
Oct 30 15:28:03 DESKTOP-AQ1M28G kernel: [    0.231093] FS-Cache: Loaded
Oct 30 15:28:03 DESKTOP-AQ1M28G kernel: [    0.231133] pnp: PnP ACPI init
Oct 30 15:28:03 DESKTOP-AQ1M28G kernel: [    0.231518] pnp: PnP ACPI: found 1 devices
Oct 30 15:28:03 DESKTOP-AQ1M28G kernel: [    0.238250] NET: Registered PF_INET protocol family
Oct 30 15:28:03 DESKTOP-AQ1M28G kernel: [    0.238342] IP idents hash table entries: 65536 (order: 7, 524288 bytes, linear)
Oct 30 15:28:03 DESKTOP-AQ1M28G kernel: [    0.238635] tcp_listen_portaddr_hash hash table entries: 2048 (order: 3, 32768 bytes, linear)
Oct 30 15:28:03 DESKTOP-AQ1M28G kernel: [    0.238642] Table-perturb hash table entries: 65536 (order: 6, 262144 bytes, linear)
Oct 30 15:28:03 DESKTOP-AQ1M28G kernel: [    0.238645] TCP established hash table entries: 32768 (order: 6, 262144 bytes, linear)
Oct 30 15:28:03 DESKTOP-AQ1M28G kernel: [    0.238684] TCP bind hash table entries: 32768 (order: 7, 524288 bytes, linear)
Oct 30 15:28:03 DESKTOP-AQ1M28G kernel: [    0.239449] TCP: Hash tables configured (established 32768 bind 32768)
Oct 30 15:28:03 DESKTOP-AQ1M28G kernel: [    0.239517] UDP hash table entries: 2048 (order: 4, 65536 bytes, linear)
Oct 30 15:28:03 DESKTOP-AQ1M28G kernel: [    0.239536] UDP-Lite hash table entries: 2048 (order: 4, 65536 bytes, linear)
Oct 30 15:28:03 DESKTOP-AQ1M28G kernel: [    0.239592] NET: Registered PF_UNIX/PF_LOCAL protocol family
Oct 30 15:28:03 DESKTOP-AQ1M28G kernel: [    0.240291] RPC: Registered named UNIX socket transport module.
Oct 30 15:28:03 DESKTOP-AQ1M28G kernel: [    0.240295] RPC: Registered udp transport module.
Oct 30 15:28:03 DESKTOP-AQ1M28G kernel: [    0.240296] RPC: Registered tcp transport module.
Oct 30 15:28:03 DESKTOP-AQ1M28G kernel: [    0.240297] RPC: Registered tcp NFSv4.1 backchannel transport module.
Oct 30 15:28:03 DESKTOP-AQ1M28G kernel: [    0.240302] PCI: CLS 0 bytes, default 64
Oct 30 15:28:03 DESKTOP-AQ1M28G kernel: [    0.240332] PCI-DMA: Using software bounce buffering for IO (SWIOTLB)
Oct 30 15:28:03 DESKTOP-AQ1M28G kernel: [    0.240335] software IO TLB: mapped [mem 0x00000000f0000000-0x00000000f4000000] (64MB)
Oct 30 15:28:03 DESKTOP-AQ1M28G kernel: [    0.240427] kvm: no hardware support
Oct 30 15:28:03 DESKTOP-AQ1M28G kernel: [    0.240627] Trying to unpack rootfs image as initramfs...
Oct 30 15:28:03 DESKTOP-AQ1M28G kernel: [    0.242311] Freeing initrd memory: 1936K
Oct 30 15:28:03 DESKTOP-AQ1M28G kernel: [    0.411437] kvm: Nested Virtualization enabled
Oct 30 15:28:03 DESKTOP-AQ1M28G kernel: [    0.411442] SVM: kvm: Nested Paging enabled
Oct 30 15:28:03 DESKTOP-AQ1M28G kernel: [    0.411443] SVM: kvm: Hyper-V enlightened NPT TLB flush enabled
Oct 30 15:28:03 DESKTOP-AQ1M28G kernel: [    0.411444] SVM: kvm: Hyper-V Direct TLB Flush enabled
Oct 30 15:28:03 DESKTOP-AQ1M28G kernel: [    0.411460] SVM: Virtual VMLOAD VMSAVE supported
Oct 30 15:28:03 DESKTOP-AQ1M28G kernel: [    0.532303] Initialise system trusted keyrings
Oct 30 15:28:03 DESKTOP-AQ1M28G kernel: [    0.532472] workingset: timestamp_bits=46 max_order=20 bucket_order=0
Oct 30 15:28:03 DESKTOP-AQ1M28G kernel: [    0.533195] squashfs: version 4.0 (2009/01/31) Phillip Lougher
Oct 30 15:28:03 DESKTOP-AQ1M28G kernel: [    0.533425] NFS: Registering the id_resolver key type
Oct 30 15:28:03 DESKTOP-AQ1M28G kernel: [    0.533433] Key type id_resolver registered
Oct 30 15:28:03 DESKTOP-AQ1M28G kernel: [    0.533434] Key type id_legacy registered
Oct 30 15:28:03 DESKTOP-AQ1M28G kernel: [    0.533436] nfs4filelayout_init: NFSv4 File Layout Driver Registering...
Oct 30 15:28:03 DESKTOP-AQ1M28G kernel: [    0.533439] nfs4flexfilelayout_init: NFSv4 Flexfile Layout Driver Registering...
Oct 30 15:28:03 DESKTOP-AQ1M28G kernel: [    0.533440] Installing knfsd (copyright (C) 1996 okir@monad.swb.de).
Oct 30 15:28:03 DESKTOP-AQ1M28G kernel: [    0.535393] Key type cifs.idmap registered
Oct 30 15:28:03 DESKTOP-AQ1M28G kernel: [    0.535520] fuse: init (API version 7.34)
Oct 30 15:28:03 DESKTOP-AQ1M28G systemd-sysctl[59]: Couldn't write '1' to 'kernel/yama/ptrace_scope', ignoring: No such file or directory
Oct 30 15:28:03 DESKTOP-AQ1M28G systemd[1]: Finished Set the console keyboard layout.
Oct 30 15:28:03 DESKTOP-AQ1M28G systemd[1]: Mounted FUSE Control File System.
Oct 30 15:28:03 DESKTOP-AQ1M28G systemd[1]: Starting Flush Journal to Persistent Storage...
Oct 30 15:28:03 DESKTOP-AQ1M28G systemd[1]: Finished Create System Users.
Oct 30 15:28:03 DESKTOP-AQ1M28G systemd[1]: Starting Create Static Device Nodes in /dev...
Oct 30 15:28:03 DESKTOP-AQ1M28G systemd[1]: Finished Coldplug All udev Devices.
Oct 30 15:28:03 DESKTOP-AQ1M28G systemd[1]: Finished Create Static Device Nodes in /dev.
Oct 30 15:28:03 DESKTOP-AQ1M28G systemd[1]: Reached target Preparation for Local File Systems.
Oct 30 15:28:03 DESKTOP-AQ1M28G systemd[1]: snap.mount: Directory /snap to mount over is not empty, mounting anyway.
Oct 30 15:28:03 DESKTOP-AQ1M28G kernel: [    0.535712] SGI XFS with ACLs, security attributes, realtime, scrub, repair, quota, no debug enabled
Oct 30 15:28:03 DESKTOP-AQ1M28G kernel: [    0.536272] 9p: Installing v9fs 9p2000 file system support
Oct 30 15:28:03 DESKTOP-AQ1M28G kernel: [    0.536290] FS-Cache: Netfs '9p' registered for caching
Oct 30 15:28:03 DESKTOP-AQ1M28G kernel: [    0.536343] FS-Cache: Netfs 'ceph' registered for caching
Oct 30 15:28:03 DESKTOP-AQ1M28G systemd[1]: Mounting Ensure that the snap directory shares mount events....
Oct 30 15:28:03 DESKTOP-AQ1M28G kernel: [    0.536347] ceph: loaded (mds proto 32)
Oct 30 15:28:03 DESKTOP-AQ1M28G kernel: [    0.539376] NET: Registered PF_ALG protocol family
Oct 30 15:28:03 DESKTOP-AQ1M28G systemd[1]: Starting Rule-based Manager for Device Events and Files...
Oct 30 15:28:03 DESKTOP-AQ1M28G kernel: [    0.539382] xor: automatically using best checksumming function   avx       
Oct 30 15:28:03 DESKTOP-AQ1M28G kernel: [    0.539386] Key type asymmetric registered
Oct 30 15:28:03 DESKTOP-AQ1M28G kernel: [    0.539387] Asymmetric key parser 'x509' registered
Oct 30 15:28:03 DESKTOP-AQ1M28G systemd[1]: Mounted Ensure that the snap directory shares mount events..
Oct 30 15:28:03 DESKTOP-AQ1M28G kernel: [    0.539425] Block layer SCSI generic (bsg) driver version 0.4 loaded (major 248)
Oct 30 15:28:03 DESKTOP-AQ1M28G kernel: [    0.540133] hv_vmbus: registering driver hv_pci
Oct 30 15:28:03 DESKTOP-AQ1M28G kernel: [    0.540587] hv_pci c465fd9b-5f38-436e-93ee-730086ef3605: PCI VMBus probing: Using version 0x10004
Oct 30 15:28:03 DESKTOP-AQ1M28G kernel: [    0.542774] hv_pci c465fd9b-5f38-436e-93ee-730086ef3605: PCI host bridge to bus 5f38:00
Oct 30 15:28:03 DESKTOP-AQ1M28G systemd[1]: Mounting Mount unit for bare, revision 5...
Oct 30 15:28:03 DESKTOP-AQ1M28G kernel: [    0.542783] pci_bus 5f38:00: root bus resource [mem 0x9ffe00000-0x9ffe02fff window]
Oct 30 15:28:03 DESKTOP-AQ1M28G kernel: [    0.542786] pci_bus 5f38:00: No busn resource found for root bus, will use [bus 00-ff]
Oct 30 15:28:03 DESKTOP-AQ1M28G kernel: [    0.543904] pci 5f38:00:00.0: [1af4:1043] type 00 class 0x010000
Oct 30 15:28:03 DESKTOP-AQ1M28G kernel: [    0.545329] pci 5f38:00:00.0: reg 0x10: [mem 0x9ffe00000-0x9ffe00fff 64bit]
Oct 30 15:28:03 DESKTOP-AQ1M28G kernel: [    0.546132] pci 5f38:00:00.0: reg 0x18: [mem 0x9ffe01000-0x9ffe01fff 64bit]
Oct 30 15:28:03 DESKTOP-AQ1M28G systemd[1]: Mounting Mount unit for core22, revision 607...
Oct 30 15:28:03 DESKTOP-AQ1M28G kernel: [    0.547409] pci 5f38:00:00.0: reg 0x20: [mem 0x9ffe02000-0x9ffe02fff 64bit]
Oct 30 15:28:03 DESKTOP-AQ1M28G systemd[1]: Mounting Mount unit for core22, revision 864...
Oct 30 15:28:03 DESKTOP-AQ1M28G kernel: [    0.551742] pci_bus 5f38:00: busn_res: [bus 00-ff] end is updated to 00
Oct 30 15:28:03 DESKTOP-AQ1M28G kernel: [    0.551753] pci 5f38:00:00.0: BAR 0: assigned [mem 0x9ffe00000-0x9ffe00fff 64bit]
Oct 30 15:28:03 DESKTOP-AQ1M28G kernel: [    0.552351] pci 5f38:00:00.0: BAR 2: assigned [mem 0x9ffe01000-0x9ffe01fff 64bit]
Oct 30 15:28:03 DESKTOP-AQ1M28G kernel: [    0.552890] pci 5f38:00:00.0: BAR 4: assigned [mem 0x9ffe02000-0x9ffe02fff 64bit]
Oct 30 15:28:03 DESKTOP-AQ1M28G systemd[1]: Mounting Mount unit for gtk-common-themes, revision 1535...
Oct 30 15:28:03 DESKTOP-AQ1M28G kernel: [    0.553843] hv_pci 4b25cb07-09d8-4745-b356-b5a7a641ab39: PCI VMBus probing: Using version 0x10004
Oct 30 15:28:03 DESKTOP-AQ1M28G kernel: [    0.554776] hv_pci 4b25cb07-09d8-4745-b356-b5a7a641ab39: PCI host bridge to bus 09d8:00
Oct 30 15:28:03 DESKTOP-AQ1M28G systemd[1]: Mounting Mount unit for snapd, revision 18933...
Oct 30 15:28:03 DESKTOP-AQ1M28G kernel: [    0.554781] pci_bus 09d8:00: No busn resource found for root bus, will use [bus 00-ff]
Oct 30 15:28:03 DESKTOP-AQ1M28G kernel: [    0.555269] pci 09d8:00:00.0: [1414:008e] type 00 class 0x030200
Oct 30 15:28:03 DESKTOP-AQ1M28G systemd[1]: Mounting Mount unit for snapd, revision 20290...
Oct 30 15:28:03 DESKTOP-AQ1M28G kernel: [    0.561022] pci_bus 09d8:00: busn_res: [bus 00-ff] end is updated to 00
Oct 30 15:28:03 DESKTOP-AQ1M28G kernel: [    0.561520] hv_pci ad3cdb65-31d3-49df-a10b-8b896b132ceb: PCI VMBus probing: Using version 0x10004
Oct 30 15:28:03 DESKTOP-AQ1M28G kernel: [    0.563184] hv_pci ad3cdb65-31d3-49df-a10b-8b896b132ceb: PCI host bridge to bus 31d3:00
Oct 30 15:28:03 DESKTOP-AQ1M28G kernel: [    0.563193] pci_bus 31d3:00: root bus resource [mem 0x9ffe04000-0x9ffe06fff window]
Oct 30 15:28:03 DESKTOP-AQ1M28G kernel: [    0.563196] pci_bus 31d3:00: No busn resource found for root bus, will use [bus 00-ff]
Oct 30 15:28:03 DESKTOP-AQ1M28G kernel: [    0.564779] pci 31d3:00:00.0: [1af4:1049] type 00 class 0x010000
Oct 30 15:28:03 DESKTOP-AQ1M28G kernel: [    0.566383] pci 31d3:00:00.0: reg 0x10: [mem 0x9ffe04000-0x9ffe04fff 64bit]
Oct 30 15:28:03 DESKTOP-AQ1M28G kernel: [    0.567322] pci 31d3:00:00.0: reg 0x18: [mem 0x9ffe05000-0x9ffe05fff 64bit]
Oct 30 15:28:03 DESKTOP-AQ1M28G kernel: [    0.568217] pci 31d3:00:00.0: reg 0x20: [mem 0x9ffe06000-0x9ffe06fff 64bit]
Oct 30 15:28:03 DESKTOP-AQ1M28G kernel: [    0.573783] pci_bus 31d3:00: busn_res: [bus 00-ff] end is updated to 00
Oct 30 15:28:03 DESKTOP-AQ1M28G kernel: [    0.573802] pci 31d3:00:00.0: BAR 0: assigned [mem 0x9ffe04000-0x9ffe04fff 64bit]
Oct 30 15:28:03 DESKTOP-AQ1M28G systemd[1]: Mounting Mount unit for ubuntu-desktop-installer, revision 1223...
Oct 30 15:28:03 DESKTOP-AQ1M28G kernel: [    0.574598] pci 31d3:00:00.0: BAR 2: assigned [mem 0x9ffe05000-0x9ffe05fff 64bit]
Oct 30 15:28:03 DESKTOP-AQ1M28G kernel: [    0.575241] pci 31d3:00:00.0: BAR 4: assigned [mem 0x9ffe06000-0x9ffe06fff 64bit]
Oct 30 15:28:03 DESKTOP-AQ1M28G kernel: [    0.576109] ACPI: AC: AC Adapter [AC1] (off-line)
Oct 30 15:28:03 DESKTOP-AQ1M28G kernel: [    0.577334] ACPI: battery: Slot [BAT1] (battery present)
Oct 30 15:28:03 DESKTOP-AQ1M28G kernel: [    0.591472] Serial: 8250/16550 driver, 4 ports, IRQ sharing disabled
Oct 30 15:28:03 DESKTOP-AQ1M28G systemd[1]: Mounting Mount unit for ubuntu-desktop-installer, revision 1271...
Oct 30 15:28:03 DESKTOP-AQ1M28G kernel: [    0.663730] Non-volatile memory driver v1.3
Oct 30 15:28:03 DESKTOP-AQ1M28G systemd[1]: Finished Flush Journal to Persistent Storage.
Oct 30 15:28:03 DESKTOP-AQ1M28G kernel: [    0.664092] [drm] Initialized vgem 1.0.0 20120112 for vgem on minor 0
Oct 30 15:28:03 DESKTOP-AQ1M28G systemd[1]: Mounted Mount unit for bare, revision 5.
Oct 30 15:28:03 DESKTOP-AQ1M28G kernel: [    0.667988] printk: console [hvc0] enabled
Oct 30 15:28:03 DESKTOP-AQ1M28G kernel: [    0.668524] brd: module loaded
Oct 30 15:28:03 DESKTOP-AQ1M28G kernel: [    0.671582] loop: module loaded
Oct 30 15:28:03 DESKTOP-AQ1M28G kernel: [    0.672183] hv_vmbus: registering driver hv_storvsc
Oct 30 15:28:03 DESKTOP-AQ1M28G kernel: [    0.672764] wireguard: WireGuard 1.0.0 loaded. See www.wireguard.com for information.
Oct 30 15:28:03 DESKTOP-AQ1M28G systemd[1]: Mounted Mount unit for core22, revision 607.
Oct 30 15:28:03 DESKTOP-AQ1M28G kernel: [    0.673482] wireguard: Copyright (C) 2015-2019 Jason A. Donenfeld <Jason@zx2c4.com>. All Rights Reserved.
Oct 30 15:28:03 DESKTOP-AQ1M28G systemd[1]: Mounted Mount unit for core22, revision 864.
Oct 30 15:28:03 DESKTOP-AQ1M28G kernel: [    0.674653] tun: Universal TUN/TAP device driver, 1.6
Oct 30 15:28:03 DESKTOP-AQ1M28G kernel: [    0.675634] PPP generic driver version 2.4.2
Oct 30 15:28:03 DESKTOP-AQ1M28G systemd[1]: Mounted Mount unit for gtk-common-themes, revision 1535.
Oct 30 15:28:03 DESKTOP-AQ1M28G kernel: [    0.676335] scsi host0: storvsc_host_t
Oct 30 15:28:03 DESKTOP-AQ1M28G kernel: [    0.676512] PPP BSD Compression module registered
Oct 30 15:28:03 DESKTOP-AQ1M28G kernel: [    0.677680] PPP Deflate Compression module registered
Oct 30 15:28:03 DESKTOP-AQ1M28G kernel: [    0.678263] PPP MPPE Compression module registered
Oct 30 15:28:03 DESKTOP-AQ1M28G systemd[1]: Mounted Mount unit for snapd, revision 18933.
Oct 30 15:28:03 DESKTOP-AQ1M28G kernel: [    0.678967] NET: Registered PF_PPPOX protocol family
Oct 30 15:28:03 DESKTOP-AQ1M28G kernel: [    0.679708] usbcore: registered new interface driver cdc_ether
Oct 30 15:28:03 DESKTOP-AQ1M28G kernel: [    0.680395] usbcore: registered new interface driver cdc_ncm
Oct 30 15:28:03 DESKTOP-AQ1M28G systemd[1]: Mounted Mount unit for snapd, revision 20290.
Oct 30 15:28:03 DESKTOP-AQ1M28G kernel: [    0.681242] usbcore: registered new interface driver r8153_ecm
Oct 30 15:28:03 DESKTOP-AQ1M28G kernel: [    0.682480] hv_vmbus: registering driver hv_netvsc
Oct 30 15:28:03 DESKTOP-AQ1M28G kernel: [    0.683888] VFIO - User Level meta-driver version: 0.3
Oct 30 15:28:03 DESKTOP-AQ1M28G systemd[1]: Mounted Mount unit for ubuntu-desktop-installer, revision 1223.
Oct 30 15:28:03 DESKTOP-AQ1M28G kernel: [    0.687306] usbcore: registered new interface driver cdc_acm
Oct 30 15:28:03 DESKTOP-AQ1M28G kernel: [    0.690585] cdc_acm: USB Abstract Control Model driver for USB modems and ISDN adapters
Oct 30 15:28:03 DESKTOP-AQ1M28G kernel: [    0.691632] usbcore: registered new interface driver ch341
Oct 30 15:28:03 DESKTOP-AQ1M28G kernel: [    0.692098] usbserial: USB Serial support registered for ch341-uart
Oct 30 15:28:03 DESKTOP-AQ1M28G systemd[1]: Mounted Mount unit for ubuntu-desktop-installer, revision 1271.
Oct 30 15:28:03 DESKTOP-AQ1M28G kernel: [    0.692708] usbcore: registered new interface driver cp210x
Oct 30 15:28:03 DESKTOP-AQ1M28G kernel: [    0.693318] usbserial: USB Serial support registered for cp210x
Oct 30 15:28:03 DESKTOP-AQ1M28G kernel: [    0.693890] usbcore: registered new interface driver ftdi_sio
Oct 30 15:28:03 DESKTOP-AQ1M28G systemd[1]: Reached target Mounted snaps.
Oct 30 15:28:03 DESKTOP-AQ1M28G kernel: [    0.694703] usbserial: USB Serial support registered for FTDI USB Serial Device
Oct 30 15:28:03 DESKTOP-AQ1M28G kernel: [    0.695663] vhci_hcd vhci_hcd.0: USB/IP Virtual Host Controller
Oct 30 15:28:03 DESKTOP-AQ1M28G systemd[1]: Reached target Local File Systems.
Oct 30 15:28:03 DESKTOP-AQ1M28G kernel: [    0.696381] vhci_hcd vhci_hcd.0: new USB bus registered, assigned bus number 1
Oct 30 15:28:03 DESKTOP-AQ1M28G kernel: [    0.697112] vhci_hcd: created sysfs vhci_hcd.0
Oct 30 15:28:03 DESKTOP-AQ1M28G systemd[1]: Condition check resulted in Load AppArmor profiles being skipped.
Oct 30 15:28:03 DESKTOP-AQ1M28G systemd[1]: Starting Set console font and keymap...
Oct 30 15:28:03 DESKTOP-AQ1M28G systemd[1]: Starting Tell Plymouth To Write Out Runtime Data...
Oct 30 15:28:03 DESKTOP-AQ1M28G systemd[1]: Condition check resulted in Load AppArmor profiles managed internally by snapd being skipped.
Oct 30 15:28:03 DESKTOP-AQ1M28G systemd[1]: Condition check resulted in Store a System Token in an EFI Variable being skipped.
Oct 30 15:28:03 DESKTOP-AQ1M28G systemd[1]: Condition check resulted in Commit a transient machine-id on disk being skipped.
Oct 30 15:28:03 DESKTOP-AQ1M28G kernel: [    0.697886] usb usb1: New USB device found, idVendor=1d6b, idProduct=0002, bcdDevice= 5.15
Oct 30 15:28:03 DESKTOP-AQ1M28G kernel: [    0.698789] usb usb1: New USB device strings: Mfr=3, Product=2, SerialNumber=1
Oct 30 15:28:03 DESKTOP-AQ1M28G systemd[1]: Starting Create Volatile Files and Directories...
Oct 30 15:28:03 DESKTOP-AQ1M28G systemd[1]: Starting Uncomplicated firewall...
Oct 30 15:28:03 DESKTOP-AQ1M28G kernel: [    0.699363] usb usb1: Product: USB/IP Virtual Host Controller
Oct 30 15:28:03 DESKTOP-AQ1M28G systemd[1]: Finished Set console font and keymap.
Oct 30 15:28:03 DESKTOP-AQ1M28G kernel: [    0.699838] usb usb1: Manufacturer: Linux 5.15.90.1-microsoft-standard-WSL2 vhci_hcd
Oct 30 15:28:03 DESKTOP-AQ1M28G kernel: [    0.700359] usb usb1: SerialNumber: vhci_hcd.0
Oct 30 15:28:03 DESKTOP-AQ1M28G kernel: [    0.701078] hub 1-0:1.0: USB hub found
Oct 30 15:28:03 DESKTOP-AQ1M28G kernel: [    0.701644] hub 1-0:1.0: 8 ports detected
Oct 30 15:28:03 DESKTOP-AQ1M28G kernel: [    0.702436] vhci_hcd vhci_hcd.0: USB/IP Virtual Host Controller
Oct 30 15:28:03 DESKTOP-AQ1M28G kernel: [    0.703196] vhci_hcd vhci_hcd.0: new USB bus registered, assigned bus number 2
Oct 30 15:28:03 DESKTOP-AQ1M28G systemd[1]: Finished Uncomplicated firewall.
Oct 30 15:28:03 DESKTOP-AQ1M28G kernel: [    0.703931] usb usb2: We don't know the algorithms for LPM for this host, disabling LPM.
Oct 30 15:28:03 DESKTOP-AQ1M28G systemd[1]: Reached target Preparation for Network.
Oct 30 15:28:03 DESKTOP-AQ1M28G kernel: [    0.705207] usb usb2: New USB device found, idVendor=1d6b, idProduct=0003, bcdDevice= 5.15
Oct 30 15:28:03 DESKTOP-AQ1M28G kernel: [    0.705791] usb usb2: New USB device strings: Mfr=3, Product=2, SerialNumber=1
Oct 30 15:28:03 DESKTOP-AQ1M28G kernel: [    0.706302] usb usb2: Product: USB/IP Virtual Host Controller
Oct 30 15:28:03 DESKTOP-AQ1M28G kernel: [    0.706730] usb usb2: Manufacturer: Linux 5.15.90.1-microsoft-standard-WSL2 vhci_hcd
Oct 30 15:28:03 DESKTOP-AQ1M28G kernel: [    0.707260] usb usb2: SerialNumber: vhci_hcd.0
Oct 30 15:28:03 DESKTOP-AQ1M28G systemd[1]: Finished Tell Plymouth To Write Out Runtime Data.
Oct 30 15:28:03 DESKTOP-AQ1M28G kernel: [    0.707815] hub 2-0:1.0: USB hub found
Oct 30 15:28:03 DESKTOP-AQ1M28G kernel: [    0.708133] hub 2-0:1.0: 8 ports detected
Oct 30 15:28:03 DESKTOP-AQ1M28G kernel: [    0.708906] hv_vmbus: registering driver hyperv_keyboard
Oct 30 15:28:03 DESKTOP-AQ1M28G kernel: [    0.709514] rtc_cmos 00:00: RTC can wake from S4
Oct 30 15:28:03 DESKTOP-AQ1M28G kernel: [    0.712438] rtc_cmos 00:00: registered as rtc0
Oct 30 15:28:03 DESKTOP-AQ1M28G systemd[1]: Finished Create Volatile Files and Directories.
Oct 30 15:28:03 DESKTOP-AQ1M28G kernel: [    0.713276] rtc_cmos 00:00: setting system clock to 2023-10-30T08:27:57 UTC (1698654477)
Oct 30 15:28:03 DESKTOP-AQ1M28G systemd[1]: Starting Network Name Resolution...
Oct 30 15:28:03 DESKTOP-AQ1M28G kernel: [    0.714018] rtc_cmos 00:00: alarms up to one month, 114 bytes nvram
Oct 30 15:28:03 DESKTOP-AQ1M28G kernel: [    0.714863] device-mapper: ioctl: 4.45.0-ioctl (2021-03-22) initialised: dm-devel@redhat.com
Oct 30 15:28:03 DESKTOP-AQ1M28G kernel: [    0.715909] device-mapper: raid: Loading target version 1.15.1
Oct 30 15:28:03 DESKTOP-AQ1M28G kernel: [    0.716890] usbcore: registered new interface driver usbhid
Oct 30 15:28:03 DESKTOP-AQ1M28G systemd[1]: Condition check resulted in Network Time Synchronization being skipped.
Oct 30 15:28:03 DESKTOP-AQ1M28G kernel: [    0.717449] usbhid: USB HID core driver
Oct 30 15:28:03 DESKTOP-AQ1M28G kernel: [    0.717979] hv_utils: Registering HyperV Utility Driver
Oct 30 15:28:03 DESKTOP-AQ1M28G kernel: [    0.718519] hv_vmbus: registering driver hv_utils
Oct 30 15:28:03 DESKTOP-AQ1M28G systemd[1]: Reached target System Time Set.
Oct 30 15:28:03 DESKTOP-AQ1M28G kernel: [    0.718961] hv_vmbus: registering driver hv_balloon
Oct 30 15:28:03 DESKTOP-AQ1M28G kernel: [    0.719439] hv_utils: TimeSync IC version 4.0
Oct 30 15:28:03 DESKTOP-AQ1M28G kernel: [    0.719503] hv_vmbus: registering driver dxgkrnl
Oct 30 15:28:03 DESKTOP-AQ1M28G kernel: [    0.720456] hv_balloon: Using Dynamic Memory protocol version 2.0
Oct 30 15:28:03 DESKTOP-AQ1M28G systemd[1]: Starting Record System Boot/Shutdown in UTMP...
Oct 30 15:28:03 DESKTOP-AQ1M28G kernel: [    0.721223] drop_monitor: Initializing network drop monitor service
Oct 30 15:28:03 DESKTOP-AQ1M28G kernel: [    0.721815] Mirror/redirect action on
Oct 30 15:28:03 DESKTOP-AQ1M28G systemd[1]: Condition check resulted in WSLg Remount Service being skipped.
Oct 30 15:28:03 DESKTOP-AQ1M28G kernel: [    0.722378] Free page reporting enabled
Oct 30 15:28:03 DESKTOP-AQ1M28G kernel: [    0.722397] u32 classifier
Oct 30 15:28:03 DESKTOP-AQ1M28G kernel: [    0.722897] hv_balloon: Cold memory discard hint enabled with order 9
Oct 30 15:28:03 DESKTOP-AQ1M28G kernel: [    0.723082]     Performance counters on
Oct 30 15:28:03 DESKTOP-AQ1M28G kernel: [    0.723084]     input device check on
Oct 30 15:28:03 DESKTOP-AQ1M28G kernel: [    0.723084]     Actions configured
Oct 30 15:28:03 DESKTOP-AQ1M28G systemd[1]: Started Rule-based Manager for Device Events and Files.
Oct 30 15:28:03 DESKTOP-AQ1M28G systemd[1]: Condition check resulted in Show Plymouth Boot Screen being skipped.
Oct 30 15:28:03 DESKTOP-AQ1M28G systemd[1]: Started Dispatch Password Requests to Console Directory Watch.
Oct 30 15:28:03 DESKTOP-AQ1M28G systemd[1]: Condition check resulted in Forward Password Requests to Plymouth Directory Watch being skipped.
Oct 30 15:28:03 DESKTOP-AQ1M28G systemd[1]: Reached target Local Encrypted Volumes.
Oct 30 15:28:03 DESKTOP-AQ1M28G systemd[1]: Finished Record System Boot/Shutdown in UTMP.
Oct 30 15:28:03 DESKTOP-AQ1M28G systemd[1]: Reached target System Initialization.
Oct 30 15:28:03 DESKTOP-AQ1M28G systemd[1]: Condition check resulted in Process error reports when automatic reporting is enabled (file watch) being skipped.
Oct 30 15:28:03 DESKTOP-AQ1M28G systemd[1]: Condition check resulted in Process error reports when automatic reporting is enabled (timer based) being skipped.
Oct 30 15:28:03 DESKTOP-AQ1M28G systemd[1]: Started Daily apt download activities.
Oct 30 15:28:03 DESKTOP-AQ1M28G systemd[1]: Started Daily apt upgrade and clean activities.
Oct 30 15:28:03 DESKTOP-AQ1M28G systemd[1]: Started Daily dpkg database backup timer.
Oct 30 15:28:03 DESKTOP-AQ1M28G systemd[1]: Started Periodic ext4 Online Metadata Check for All Filesystems.
Oct 30 15:28:03 DESKTOP-AQ1M28G systemd[1]: Condition check resulted in Discard unused blocks once a week being skipped.
Oct 30 15:28:03 DESKTOP-AQ1M28G systemd[1]: Started Daily rotation of log files.
Oct 30 15:28:03 DESKTOP-AQ1M28G systemd[1]: Started Daily man-db regeneration.
Oct 30 15:28:03 DESKTOP-AQ1M28G systemd[1]: Started Message of the Day.
Oct 30 15:28:03 DESKTOP-AQ1M28G systemd[1]: Condition check resulted in Timer to automatically fetch and run repair assertions being skipped.
Oct 30 15:28:03 DESKTOP-AQ1M28G systemd[1]: Started Daily Cleanup of Temporary Directories.
Oct 30 15:28:03 DESKTOP-AQ1M28G systemd[1]: Started Ubuntu Advantage Timer for running repeated jobs.
Oct 30 15:28:03 DESKTOP-AQ1M28G systemd[1]: Reached target Path Units.
Oct 30 15:28:03 DESKTOP-AQ1M28G systemd[1]: Reached target Timer Units.
Oct 30 15:28:03 DESKTOP-AQ1M28G systemd[1]: Listening on Unix socket for apport crash forwarding.
Oct 30 15:28:03 DESKTOP-AQ1M28G systemd[1]: Listening on D-Bus System Message Bus Socket.
Oct 30 15:28:03 DESKTOP-AQ1M28G kernel: [    0.723487] IPVS: Registered protocols (TCP, UDP)
Oct 30 15:28:03 DESKTOP-AQ1M28G systemd[1]: Starting Socket activation for snappy daemon...
Oct 30 15:28:03 DESKTOP-AQ1M28G kernel: [    0.725462] IPVS: Connection hash table configured (size=4096, memory=32Kbytes)
Oct 30 15:28:03 DESKTOP-AQ1M28G kernel: [    0.726185] IPVS: ipvs loaded.
Oct 30 15:28:03 DESKTOP-AQ1M28G kernel: [    0.726512] IPVS: [rr] scheduler registered.
Oct 30 15:28:03 DESKTOP-AQ1M28G kernel: [    0.726910] IPVS: [wrr] scheduler registered.
Oct 30 15:28:03 DESKTOP-AQ1M28G kernel: [    0.727281] IPVS: [sh] scheduler registered.
Oct 30 15:28:03 DESKTOP-AQ1M28G kernel: [    0.727671] ipip: IPv4 and MPLS over IPv4 tunneling driver
Oct 30 15:28:03 DESKTOP-AQ1M28G systemd[1]: Listening on UUID daemon activation socket.
Oct 30 15:28:03 DESKTOP-AQ1M28G kernel: [    0.728070] ipt_CLUSTERIP: ClusterIP Version 0.8 loaded successfully
Oct 30 15:28:03 DESKTOP-AQ1M28G kernel: [    0.728520] Initializing XFRM netlink socket
Oct 30 15:28:03 DESKTOP-AQ1M28G systemd[1]: Listening on Socket activation for snappy daemon.
Oct 30 15:28:03 DESKTOP-AQ1M28G kernel: [    0.728933] NET: Registered PF_INET6 protocol family
Oct 30 15:28:03 DESKTOP-AQ1M28G kernel: [    0.730004] Segment Routing with IPv6
Oct 30 15:28:03 DESKTOP-AQ1M28G kernel: [    0.730528] In-situ OAM (IOAM) with IPv6
Oct 30 15:28:03 DESKTOP-AQ1M28G kernel: [    0.730926] sit: IPv6, IPv4 and MPLS over IPv4 tunneling driver
Oct 30 15:28:03 DESKTOP-AQ1M28G systemd[1]: Reached target Socket Units.
Oct 30 15:28:03 DESKTOP-AQ1M28G kernel: [    0.731550] NET: Registered PF_PACKET protocol family
Oct 30 15:28:03 DESKTOP-AQ1M28G systemd[1]: Reached target Basic System.
Oct 30 15:28:03 DESKTOP-AQ1M28G kernel: [    0.732112] Bridge firewalling registered
Oct 30 15:28:03 DESKTOP-AQ1M28G kernel: [    0.732955] 8021q: 802.1Q VLAN Support v1.8
Oct 30 15:28:03 DESKTOP-AQ1M28G kernel: [    0.733260] sctp: Hash tables configured (bind 256/256)
Oct 30 15:28:03 DESKTOP-AQ1M28G kernel: [    0.733660] 9pnet: Installing 9P2000 support
Oct 30 15:28:03 DESKTOP-AQ1M28G systemd[1]: System is tainted: cgroupsv1
Oct 30 15:28:03 DESKTOP-AQ1M28G kernel: [    0.763238] Key type dns_resolver registered
Oct 30 15:28:03 DESKTOP-AQ1M28G kernel: [    0.764061] Key type ceph registered
Oct 30 15:28:03 DESKTOP-AQ1M28G systemd[1]: Starting LSB: automatic crash report generation...
Oct 30 15:28:03 DESKTOP-AQ1M28G kernel: [    0.764752] libceph: loaded (mon/osd proto 15/24)
Oct 30 15:28:03 DESKTOP-AQ1M28G kernel: [    0.765360] NET: Registered PF_VSOCK protocol family
Oct 30 15:28:03 DESKTOP-AQ1M28G kernel: [    0.765858] hv_vmbus: registering driver hv_sock
Oct 30 15:28:03 DESKTOP-AQ1M28G kernel: [    0.766435] IPI shorthand broadcast: enabled
Oct 30 15:28:03 DESKTOP-AQ1M28G kernel: [    0.766880] sched_clock: Marking stable (764984914, 333900)->(783540200, -18221386)
Oct 30 15:28:03 DESKTOP-AQ1M28G kernel: [    0.768064] registered taskstats version 1
Oct 30 15:28:03 DESKTOP-AQ1M28G systemd[1]: Started Regular background program processing daemon.
Oct 30 15:28:03 DESKTOP-AQ1M28G systemd[1]: Started D-Bus System Message Bus.
Oct 30 15:28:03 DESKTOP-AQ1M28G kernel: [    0.768972] Loading compiled-in X.509 certificates
Oct 30 15:28:03 DESKTOP-AQ1M28G kernel: [    0.770421] Btrfs loaded, crc32c=crc32c-generic, zoned=no, fsverity=no
Oct 30 15:28:03 DESKTOP-AQ1M28G kernel: [    0.772401] Freeing unused kernel image (initmem) memory: 2008K
Oct 30 15:28:03 DESKTOP-AQ1M28G kernel: [    0.804349] Write protecting the kernel read-only data: 30720k
Oct 30 15:28:03 DESKTOP-AQ1M28G kernel: [    0.806332] Freeing unused kernel image (text/rodata gap) memory: 2024K
Oct 30 15:28:03 DESKTOP-AQ1M28G cron[128]: (CRON) INFO (pidfile fd = 3)
Oct 30 15:28:03 DESKTOP-AQ1M28G kernel: [    0.807519] Freeing unused kernel image (rodata/data gap) memory: 464K
Oct 30 15:28:03 DESKTOP-AQ1M28G kernel: [    0.808029] Run /init as init process
Oct 30 15:28:03 DESKTOP-AQ1M28G systemd[1]: Started Save initial kernel messages after boot.
Oct 30 15:28:03 DESKTOP-AQ1M28G kernel: [    0.808307]   with arguments:
Oct 30 15:28:03 DESKTOP-AQ1M28G kernel: [    0.808607]     /init
Oct 30 15:28:03 DESKTOP-AQ1M28G kernel: [    0.808836]   with environment:
Oct 30 15:28:03 DESKTOP-AQ1M28G kernel: [    0.809182]     HOME=/
Oct 30 15:28:03 DESKTOP-AQ1M28G kernel: [    0.809368]     TERM=linux
Oct 30 15:28:03 DESKTOP-AQ1M28G cron[128]: (CRON) INFO (Running @reboot jobs)
Oct 30 15:28:03 DESKTOP-AQ1M28G kernel: [    0.809537]     WSL_ROOT_INIT=1
Oct 30 15:28:03 DESKTOP-AQ1M28G systemd[1]: Starting Remove Stale Online ext4 Metadata Check Snapshots...
Oct 30 15:28:03 DESKTOP-AQ1M28G kernel: [    0.816684] scsi 0:0:0:0: Direct-Access     Msft     Virtual Disk     1.0  PQ: 0 ANSI: 5
Oct 30 15:28:03 DESKTOP-AQ1M28G kernel: [    0.818180] sd 0:0:0:0: Attached scsi generic sg0 type 0
Oct 30 15:28:03 DESKTOP-AQ1M28G kernel: [    0.819292] sd 0:0:0:0: [sda] 744080 512-byte logical blocks: (381 MB/363 MiB)
Oct 30 15:28:03 DESKTOP-AQ1M28G kernel: [    0.820312] sd 0:0:0:0: [sda] Write Protect is on
Oct 30 15:28:03 DESKTOP-AQ1M28G kernel: [    0.820809] sd 0:0:0:0: [sda] Mode Sense: 0f 00 80 00
Oct 30 15:28:03 DESKTOP-AQ1M28G kernel: [    0.821649] sd 0:0:0:0: [sda] Write cache: disabled, read cache: enabled, doesn't support DPO or FUA
Oct 30 15:28:03 DESKTOP-AQ1M28G systemd[1]: Condition check resulted in getty on tty2-tty6 if dbus and logind are not available being skipped.
Oct 30 15:28:03 DESKTOP-AQ1M28G kernel: [    1.265419] EXT4-fs (sda): mounted filesystem without journal. Opts: (null). Quota mode: none.
Oct 30 15:28:03 DESKTOP-AQ1M28G kernel: [    1.358775] IPv6: ADDRCONF(NETDEV_CHANGE): eth0: link becomes ready
Oct 30 15:28:03 DESKTOP-AQ1M28G kernel: [    1.504740] sd 0:0:0:0: [sda] Attached SCSI disk
Oct 30 15:28:03 DESKTOP-AQ1M28G systemd[1]: Condition check resulted in irqbalance daemon being skipped.
Oct 30 15:28:03 DESKTOP-AQ1M28G kernel: [    1.534245] clocksource: tsc: mask: 0xffffffffffffffff max_cycles: 0x2b292ac2cec, max_idle_ns: 440795292908 ns
Oct 30 15:28:03 DESKTOP-AQ1M28G kernel: [    1.537618] clocksource: Switched to clocksource tsc
Oct 30 15:28:03 DESKTOP-AQ1M28G kernel: [    1.554007] hv_pci 7d1cd1f5-b41f-4dd7-bcfc-40c3799f092e: PCI VMBus probing: Using version 0x10004
Oct 30 15:28:03 DESKTOP-AQ1M28G systemd-udevd[117]: Using default interface naming scheme 'v249'.
Oct 30 15:28:03 DESKTOP-AQ1M28G kernel: [    1.557446] hv_pci 7d1cd1f5-b41f-4dd7-bcfc-40c3799f092e: PCI host bridge to bus b41f:00
Oct 30 15:28:03 DESKTOP-AQ1M28G kernel: [    1.558170] pci_bus b41f:00: root bus resource [mem 0xc00000000-0xe00001fff window]
Oct 30 15:28:03 DESKTOP-AQ1M28G kernel: [    1.558715] pci_bus b41f:00: No busn resource found for root bus, will use [bus 00-ff]
Oct 30 15:28:03 DESKTOP-AQ1M28G kernel: [    1.560690] pci b41f:00:00.0: [1af4:105a] type 00 class 0x088000
Oct 30 15:28:03 DESKTOP-AQ1M28G kernel: [    1.564018] pci b41f:00:00.0: reg 0x10: [mem 0xe00000000-0xe00000fff 64bit]
Oct 30 15:28:03 DESKTOP-AQ1M28G systemd[1]: Starting Dispatcher daemon for systemd-networkd...
Oct 30 15:28:03 DESKTOP-AQ1M28G kernel: [    1.567274] pci b41f:00:00.0: reg 0x18: [mem 0xe00001000-0xe00001fff 64bit]
Oct 30 15:28:03 DESKTOP-AQ1M28G kernel: [    1.570394] pci b41f:00:00.0: reg 0x20: [mem 0xc00000000-0xdffffffff 64bit]
Oct 30 15:28:03 DESKTOP-AQ1M28G systemd[1]: Starting System Logging Service...
Oct 30 15:28:03 DESKTOP-AQ1M28G kernel: [    1.577944] pci_bus b41f:00: busn_res: [bus 00-ff] end is updated to 00
Oct 30 15:28:03 DESKTOP-AQ1M28G kernel: [    1.578844] pci b41f:00:00.0: BAR 4: assigned [mem 0xc00000000-0xdffffffff 64bit]
Oct 30 15:28:03 DESKTOP-AQ1M28G kernel: [    1.581614] pci b41f:00:00.0: BAR 0: assigned [mem 0xe00000000-0xe00000fff 64bit]
Oct 30 15:28:03 DESKTOP-AQ1M28G kernel: [    1.584931] pci b41f:00:00.0: BAR 2: assigned [mem 0xe00001000-0xe00001fff 64bit]
Oct 30 15:28:03 DESKTOP-AQ1M28G systemd[1]: Condition check resulted in Userspace listener for prompt events being skipped.
Oct 30 15:28:03 DESKTOP-AQ1M28G kernel: [    1.609981] virtiofs virtio2: Cache len: 0x200000000 @ 0xc00000000
Oct 30 15:28:03 DESKTOP-AQ1M28G kernel: [    1.699525] memmap_init_zone_device initialised 2097152 pages in 50ms
Oct 30 15:28:03 DESKTOP-AQ1M28G kernel: [    1.718293] FS-Cache: Duplicate cookie detected
Oct 30 15:28:03 DESKTOP-AQ1M28G kernel: [    1.718832] FS-Cache: O-cookie c=00000004 [p=00000002 fl=222 nc=0 na=1]
Oct 30 15:28:03 DESKTOP-AQ1M28G kernel: [    1.719386] FS-Cache: O-cookie d=000000003eaf928a{9P.session} n=00000000e178a811
Oct 30 15:28:03 DESKTOP-AQ1M28G systemd[1]: Condition check resulted in Automatically repair incorrect owner/permissions on core devices being skipped.
Oct 30 15:28:03 DESKTOP-AQ1M28G kernel: [    1.720023] FS-Cache: O-key=[10] '34323934393337343530'
Oct 30 15:28:03 DESKTOP-AQ1M28G kernel: [    1.720475] FS-Cache: N-cookie c=00000005 [p=00000002 fl=2 nc=0 na=1]
Oct 30 15:28:03 DESKTOP-AQ1M28G kernel: [    1.721028] FS-Cache: N-cookie d=000000003eaf928a{9P.session} n=00000000044e6563
Oct 30 15:28:03 DESKTOP-AQ1M28G kernel: [    1.721673] FS-Cache: N-key=[10] '34323934393337343530'
Oct 30 15:28:03 DESKTOP-AQ1M28G systemd[1]: Condition check resulted in Wait for the Ubuntu Core chooser trigger being skipped.
Oct 30 15:28:03 DESKTOP-AQ1M28G kernel: [    2.684785] scsi 0:0:0:1: Direct-Access     Msft     Virtual Disk     1.0  PQ: 0 ANSI: 5
Oct 30 15:28:03 DESKTOP-AQ1M28G kernel: [    2.687033] sd 0:0:0:1: Attached scsi generic sg1 type 0
Oct 30 15:28:03 DESKTOP-AQ1M28G kernel: [    2.689001] scsi 0:0:0:2: Direct-Access     Msft     Virtual Disk     1.0  PQ: 0 ANSI: 5
Oct 30 15:28:03 DESKTOP-AQ1M28G kernel: [    2.689877] sd 0:0:0:1: [sdb] 2097160 512-byte logical blocks: (1.07 GB/1.00 GiB)
Oct 30 15:28:03 DESKTOP-AQ1M28G kernel: [    2.692042] sd 0:0:0:2: Attached scsi generic sg2 type 0
Oct 30 15:28:03 DESKTOP-AQ1M28G kernel: [    2.692840] sd 0:0:0:1: [sdb] 4096-byte physical blocks
Oct 30 15:28:03 DESKTOP-AQ1M28G kernel: [    2.695333] sd 0:0:0:2: [sdc] 2147483648 512-byte logical blocks: (1.10 TB/1.00 TiB)
Oct 30 15:28:03 DESKTOP-AQ1M28G kernel: [    2.695339] sd 0:0:0:2: [sdc] 4096-byte physical blocks
Oct 30 15:28:03 DESKTOP-AQ1M28G systemd[1]: Reached target Preparation for Logins.
Oct 30 15:28:03 DESKTOP-AQ1M28G kernel: [    2.697708] sd 0:0:0:2: [sdc] Write Protect is off
Oct 30 15:28:03 DESKTOP-AQ1M28G kernel: [    2.697717] sd 0:0:0:2: [sdc] Mode Sense: 0f 00 00 00
Oct 30 15:28:03 DESKTOP-AQ1M28G kernel: [    2.700115] sd 0:0:0:2: [sdc] Write cache: enabled, read cache: enabled, doesn't support DPO or FUA
Oct 30 15:28:03 DESKTOP-AQ1M28G kernel: [    2.701709] sd 0:0:0:1: [sdb] Write Protect is off
Oct 30 15:28:03 DESKTOP-AQ1M28G systemd[1]: Starting Snap Daemon...
Oct 30 15:28:03 DESKTOP-AQ1M28G systemd[1]: Starting User Login Management...
Oct 30 15:28:03 DESKTOP-AQ1M28G kernel: [    2.704730] sd 0:0:0:1: [sdb] Mode Sense: 0f 00 00 00
Oct 30 15:28:03 DESKTOP-AQ1M28G systemd[1]: Condition check resulted in Ubuntu Advantage reboot cmds being skipped.
Oct 30 15:28:03 DESKTOP-AQ1M28G kernel: [    2.705991] sd 0:0:0:1: [sdb] Write cache: enabled, read cache: enabled, doesn't support DPO or FUA
Oct 30 15:28:03 DESKTOP-AQ1M28G kernel: [    2.713816] sd 0:0:0:1: [sdb] Attached SCSI disk
Oct 30 15:28:03 DESKTOP-AQ1M28G kernel: [    2.719626] sd 0:0:0:2: [sdc] Attached SCSI disk
Oct 30 15:28:03 DESKTOP-AQ1M28G kernel: [    2.745186] EXT4-fs (sdc): mounted filesystem with ordered data mode. Opts: discard,errors=remount-ro,data=ordered. Quota mode: none.
Oct 30 15:28:03 DESKTOP-AQ1M28G kernel: [    2.800472] Adding 1048576k swap on /dev/sdb.  Priority:-2 extents:1 across:1048576k 
Oct 30 15:28:03 DESKTOP-AQ1M28G systemd[1]: Condition check resulted in Rotate log files being skipped.
Oct 30 15:28:03 DESKTOP-AQ1M28G rsyslogd: imuxsock: Acquired UNIX socket '/run/systemd/journal/syslog' (fd 3) from systemd.  [v8.2112.0]
Oct 30 15:28:03 DESKTOP-AQ1M28G kernel: [    3.627363] /sbin/ldconfig: 
Oct 30 15:28:03 DESKTOP-AQ1M28G rsyslogd: rsyslogd's groupid changed to 111
Oct 30 15:28:03 DESKTOP-AQ1M28G kernel: [    3.627369] /usr/lib/wsl/lib/libcuda.so.1 is not a symbolic link
Oct 30 15:28:03 DESKTOP-AQ1M28G kernel: [    3.628816] 
Oct 30 15:28:03 DESKTOP-AQ1M28G kernel: [    4.018350] hv_pci 40aec788-cef0-434c-a494-5a09ca5b6218: PCI VMBus probing: Using version 0x10004
Oct 30 15:28:03 DESKTOP-AQ1M28G kernel: [    4.023072] hv_pci 40aec788-cef0-434c-a494-5a09ca5b6218: PCI host bridge to bus cef0:00
Oct 30 15:28:03 DESKTOP-AQ1M28G kernel: [    4.023170] 9pnet_virtio: no channels available for device drvfs
Oct 30 15:28:03 DESKTOP-AQ1M28G rsyslogd: rsyslogd's userid changed to 104
Oct 30 15:28:03 DESKTOP-AQ1M28G kernel: [    4.024049] pci_bus cef0:00: root bus resource [mem 0x9ffe08000-0x9ffe0afff window]
Oct 30 15:28:03 DESKTOP-AQ1M28G kernel: [    4.024053] pci_bus cef0:00: No busn resource found for root bus, will use [bus 00-ff]
Oct 30 15:28:03 DESKTOP-AQ1M28G rsyslogd: [origin software="rsyslogd" swVersion="8.2112.0" x-pid="151" x-info="https://www.rsyslog.com"] start
Oct 30 15:28:03 DESKTOP-AQ1M28G kernel: [    4.026370] pci cef0:00:00.0: [1af4:1049] type 00 class 0x010000
Oct 30 15:28:03 DESKTOP-AQ1M28G kernel: [    4.027143] WSL (1) WARNING: mount: waiting for virtio device drvfs
Oct 30 15:28:03 DESKTOP-AQ1M28G kernel: [    4.029984] pci cef0:00:00.0: reg 0x10: [mem 0x9ffe08000-0x9ffe08fff 64bit]
Oct 30 15:28:03 DESKTOP-AQ1M28G kernel: [    4.032723] pci cef0:00:00.0: reg 0x18: [mem 0x9ffe09000-0x9ffe09fff 64bit]
Oct 30 15:28:03 DESKTOP-AQ1M28G kernel: [    4.035327] pci cef0:00:00.0: reg 0x20: [mem 0x9ffe0a000-0x9ffe0afff 64bit]
Oct 30 15:28:03 DESKTOP-AQ1M28G systemd[1]: Started System Logging Service.
Oct 30 15:28:03 DESKTOP-AQ1M28G kernel: [    4.044958] pci_bus cef0:00: busn_res: [bus 00-ff] end is updated to 00
Oct 30 15:28:03 DESKTOP-AQ1M28G kernel: [    4.045884] pci cef0:00:00.0: BAR 0: assigned [mem 0x9ffe08000-0x9ffe08fff 64bit]
Oct 30 15:28:03 DESKTOP-AQ1M28G kernel: [    4.048199] pci cef0:00:00.0: BAR 2: assigned [mem 0x9ffe09000-0x9ffe09fff 64bit]
Oct 30 15:28:03 DESKTOP-AQ1M28G kernel: [    4.050489] pci cef0:00:00.0: BAR 4: assigned [mem 0x9ffe0a000-0x9ffe0afff 64bit]
Oct 30 15:28:03 DESKTOP-AQ1M28G kernel: [    4.167078] hv_pci 03bb3f98-435e-4199-a202-b70bca08258d: PCI VMBus probing: Using version 0x10004
Oct 30 15:28:03 DESKTOP-AQ1M28G kernel: [    4.172207] hv_pci 03bb3f98-435e-4199-a202-b70bca08258d: PCI host bridge to bus 435e:00
Oct 30 15:28:03 DESKTOP-AQ1M28G kernel: [    4.173438] pci_bus 435e:00: root bus resource [mem 0x9ffe0c000-0x9ffe0efff window]
Oct 30 15:28:03 DESKTOP-AQ1M28G kernel: [    4.174812] pci_bus 435e:00: No busn resource found for root bus, will use [bus 00-ff]
Oct 30 15:28:03 DESKTOP-AQ1M28G kernel: [    4.178284] pci 435e:00:00.0: [1af4:1049] type 00 class 0x010000
Oct 30 15:28:03 DESKTOP-AQ1M28G kernel: [    4.181924] pci 435e:00:00.0: reg 0x10: [mem 0x9ffe0c000-0x9ffe0cfff 64bit]
Oct 30 15:28:03 DESKTOP-AQ1M28G kernel: [    4.184719] pci 435e:00:00.0: reg 0x18: [mem 0x9ffe0d000-0x9ffe0dfff 64bit]
Oct 30 15:28:03 DESKTOP-AQ1M28G kernel: [    4.187280] pci 435e:00:00.0: reg 0x20: [mem 0x9ffe0e000-0x9ffe0efff 64bit]
Oct 30 15:28:03 DESKTOP-AQ1M28G kernel: [    4.197479] pci_bus 435e:00: busn_res: [bus 00-ff] end is updated to 00
Oct 30 15:28:03 DESKTOP-AQ1M28G kernel: [    4.198533] pci 435e:00:00.0: BAR 0: assigned [mem 0x9ffe0c000-0x9ffe0cfff 64bit]
Oct 30 15:28:03 DESKTOP-AQ1M28G kernel: [    4.200645] pci 435e:00:00.0: BAR 2: assigned [mem 0x9ffe0d000-0x9ffe0dfff 64bit]
Oct 30 15:28:03 DESKTOP-AQ1M28G kernel: [    4.203528] pci 435e:00:00.0: BAR 4: assigned [mem 0x9ffe0e000-0x9ffe0efff 64bit]
Oct 30 15:28:03 DESKTOP-AQ1M28G kernel: [    4.354433] /sbin/ldconfig.real: 
Oct 30 15:28:03 DESKTOP-AQ1M28G kernel: [    4.354442] /usr/lib/wsl/lib/libcuda.so.1 is not a symbolic link
Oct 30 15:28:03 DESKTOP-AQ1M28G kernel: [    4.356062] 
Oct 30 15:28:03 DESKTOP-AQ1M28G kernel: [    4.409049] hv_pci 605ac614-3aa3-4a42-93ba-ef281b2bae28: PCI VMBus probing: Using version 0x10004
Oct 30 15:28:03 DESKTOP-AQ1M28G kernel: [    4.412130] 9pnet_virtio: no channels available for device drvfs
Oct 30 15:28:03 DESKTOP-AQ1M28G kernel: [    4.413141] WSL (2) WARNING: mount: waiting for virtio device drvfs
Oct 30 15:28:03 DESKTOP-AQ1M28G kernel: [    4.494128] hv_pci 605ac614-3aa3-4a42-93ba-ef281b2bae28: PCI host bridge to bus 3aa3:00
Oct 30 15:28:03 DESKTOP-AQ1M28G kernel: [    4.495480] pci_bus 3aa3:00: root bus resource [mem 0xbffe10000-0xbffe12fff window]
Oct 30 15:28:03 DESKTOP-AQ1M28G kernel: [    4.496775] pci_bus 3aa3:00: No busn resource found for root bus, will use [bus 00-ff]
Oct 30 15:28:03 DESKTOP-AQ1M28G kernel: [    4.500454] pci 3aa3:00:00.0: [1af4:1049] type 00 class 0x010000
Oct 30 15:28:03 DESKTOP-AQ1M28G kernel: [    4.504741] pci 3aa3:00:00.0: reg 0x10: [mem 0xbffe10000-0xbffe10fff 64bit]
Oct 30 15:28:03 DESKTOP-AQ1M28G kernel: [    4.507207] pci 3aa3:00:00.0: reg 0x18: [mem 0xbffe11000-0xbffe11fff 64bit]
Oct 30 15:28:03 DESKTOP-AQ1M28G kernel: [    4.509880] pci 3aa3:00:00.0: reg 0x20: [mem 0xbffe12000-0xbffe12fff 64bit]
Oct 30 15:28:03 DESKTOP-AQ1M28G kernel: [    4.514219] 9pnet_virtio: no channels available for device drvfs
Oct 30 15:28:03 DESKTOP-AQ1M28G kernel: [    4.520414] pci_bus 3aa3:00: busn_res: [bus 00-ff] end is updated to 00
Oct 30 15:28:03 DESKTOP-AQ1M28G kernel: [    4.521617] pci 3aa3:00:00.0: BAR 0: assigned [mem 0xbffe10000-0xbffe10fff 64bit]
Oct 30 15:28:03 DESKTOP-AQ1M28G kernel: [    4.524623] pci 3aa3:00:00.0: BAR 2: assigned [mem 0xbffe11000-0xbffe11fff 64bit]
Oct 30 15:28:03 DESKTOP-AQ1M28G kernel: [    4.527669] pci 3aa3:00:00.0: BAR 4: assigned [mem 0xbffe12000-0xbffe12fff 64bit]
Oct 30 15:28:03 DESKTOP-AQ1M28G kernel: [    4.643961] hv_pci 10cae6fa-2d69-41a1-8995-24a64a5c0f07: PCI VMBus probing: Using version 0x10004
Oct 30 15:28:03 DESKTOP-AQ1M28G kernel: [    4.736278] hv_pci 10cae6fa-2d69-41a1-8995-24a64a5c0f07: PCI host bridge to bus 2d69:00
Oct 30 15:28:03 DESKTOP-AQ1M28G kernel: [    4.737395] pci_bus 2d69:00: root bus resource [mem 0xbffe14000-0xbffe16fff window]
Oct 30 15:28:03 DESKTOP-AQ1M28G kernel: [    4.738569] pci_bus 2d69:00: No busn resource found for root bus, will use [bus 00-ff]
Oct 30 15:28:03 DESKTOP-AQ1M28G kernel: [    4.741742] pci 2d69:00:00.0: [1af4:1049] type 00 class 0x010000
Oct 30 15:28:03 DESKTOP-AQ1M28G kernel: [    4.744945] pci 2d69:00:00.0: reg 0x10: [mem 0xbffe14000-0xbffe14fff 64bit]
Oct 30 15:28:03 DESKTOP-AQ1M28G kernel: [    4.747514] pci 2d69:00:00.0: reg 0x18: [mem 0xbffe15000-0xbffe15fff 64bit]
Oct 30 15:28:03 DESKTOP-AQ1M28G kernel: [    4.749828] pci 2d69:00:00.0: reg 0x20: [mem 0xbffe16000-0xbffe16fff 64bit]
Oct 30 15:28:03 DESKTOP-AQ1M28G kernel: [    4.760400] pci_bus 2d69:00: busn_res: [bus 00-ff] end is updated to 00
Oct 30 15:28:03 DESKTOP-AQ1M28G kernel: [    4.761179] pci 2d69:00:00.0: BAR 0: assigned [mem 0xbffe14000-0xbffe14fff 64bit]
Oct 30 15:28:03 DESKTOP-AQ1M28G kernel: [    4.763114] pci 2d69:00:00.0: BAR 2: assigned [mem 0xbffe15000-0xbffe15fff 64bit]
Oct 30 15:28:03 DESKTOP-AQ1M28G kernel: [    4.765283] pci 2d69:00:00.0: BAR 4: assigned [mem 0xbffe16000-0xbffe16fff 64bit]
Oct 30 15:28:03 DESKTOP-AQ1M28G kernel: [    4.911239] misc dxg: dxgk: dxgkio_query_adapter_info: Ioctl failed: -22
Oct 30 15:28:03 DESKTOP-AQ1M28G kernel: [    4.912538] misc dxg: dxgk: dxgkio_query_adapter_info: Ioctl failed: -22
Oct 30 15:28:03 DESKTOP-AQ1M28G kernel: [    4.913745] misc dxg: dxgk: dxgkio_query_adapter_info: Ioctl failed: -22
Oct 30 15:28:03 DESKTOP-AQ1M28G kernel: [    4.915099] misc dxg: dxgk: dxgkio_query_adapter_info: Ioctl failed: -2
Oct 30 15:28:03 DESKTOP-AQ1M28G kernel: [    5.285152] Failed to connect to bus: No such file or directory
Oct 30 15:28:03 DESKTOP-AQ1M28G kernel: [    5.489217] systemd-journald[43]: Received client request to flush runtime journal.
Oct 30 15:28:03 DESKTOP-AQ1M28G kernel: [    5.501225] systemd-journald[43]: File /var/log/journal/52d59839980549a7a64178b2c88a7e14/system.journal corrupted or uncleanly shut down, renaming and replacing.
Oct 30 15:28:03 DESKTOP-AQ1M28G systemd[1]: Started LSB: automatic crash report generation.
Oct 30 15:28:03 DESKTOP-AQ1M28G systemd-udevd[116]: sda: Process '/usr/bin/unshare -m /usr/bin/snap auto-import --mount=/dev/sda' failed with exit code 1.
Oct 30 15:28:03 DESKTOP-AQ1M28G systemd-udevd[114]: sdc: Process '/usr/bin/unshare -m /usr/bin/snap auto-import --mount=/dev/sdc' failed with exit code 1.
Oct 30 15:28:03 DESKTOP-AQ1M28G systemd[1]: e2scrub_reap.service: Deactivated successfully.
Oct 30 15:28:03 DESKTOP-AQ1M28G systemd[1]: Finished Remove Stale Online ext4 Metadata Check Snapshots.
Oct 30 15:28:03 DESKTOP-AQ1M28G systemd-udevd[146]: sdb: Process '/usr/bin/unshare -m /usr/bin/snap auto-import --mount=/dev/sdb' failed with exit code 1.
Oct 30 15:28:03 DESKTOP-AQ1M28G systemd-resolved[110]: Positive Trust Anchors:
Oct 30 15:28:03 DESKTOP-AQ1M28G systemd-resolved[110]: . IN DS 20326 8 2 e06d44b80b8f1d39a95c0b0d7c65d08458e880409bbc683457104237c7f8ec8d
Oct 30 15:28:03 DESKTOP-AQ1M28G systemd-resolved[110]: Negative trust anchors: home.arpa 10.in-addr.arpa 16.172.in-addr.arpa 17.172.in-addr.arpa 18.172.in-addr.arpa 19.172.in-addr.arpa 20.172.in-addr.arpa 21.172.in-addr.arpa 22.172.in-addr.arpa 23.172.in-addr.arpa 24.172.in-addr.arpa 25.172.in-addr.arpa 26.172.in-addr.arpa 27.172.in-addr.arpa 28.172.in-addr.arpa 29.172.in-addr.arpa 30.172.in-addr.arpa 31.172.in-addr.arpa 168.192.in-addr.arpa d.f.ip6.arpa corp home internal intranet lan local private test
Oct 30 15:28:03 DESKTOP-AQ1M28G systemd-resolved[110]: Using system hostname 'DESKTOP-AQ1M28G'.
Oct 30 15:28:03 DESKTOP-AQ1M28G systemd[1]: Started Network Name Resolution.
Oct 30 15:28:03 DESKTOP-AQ1M28G systemd[1]: Reached target Network.
Oct 30 15:28:03 DESKTOP-AQ1M28G systemd[1]: Reached target Host and Network Name Lookups.
Oct 30 15:28:03 DESKTOP-AQ1M28G systemd[1]: Started Service for snap application ubuntu-desktop-installer.subiquity-server.
Oct 30 15:28:03 DESKTOP-AQ1M28G systemd[1]: Starting Permit User Sessions...
Oct 30 15:28:03 DESKTOP-AQ1M28G systemd[1]: Condition check resulted in Ubuntu Pro Background Auto Attach being skipped.
Oct 30 15:28:03 DESKTOP-AQ1M28G systemd[1]: Started User Login Management.
Oct 30 15:28:03 DESKTOP-AQ1M28G systemd[1]: Finished Permit User Sessions.
Oct 30 15:28:03 DESKTOP-AQ1M28G systemd[1]: Starting Hold until boot process finishes up...
Oct 30 15:28:03 DESKTOP-AQ1M28G systemd[1]: Starting Terminate Plymouth Boot Screen...
Oct 30 15:28:03 DESKTOP-AQ1M28G systemd[1]: Started Unattended Upgrades Shutdown.
Oct 30 15:28:03 DESKTOP-AQ1M28G systemd[1]: Finished Hold until boot process finishes up.
Oct 30 15:28:03 DESKTOP-AQ1M28G systemd[1]: Started Console Getty.
Oct 30 15:28:03 DESKTOP-AQ1M28G systemd[1]: Starting Set console scheme...
Oct 30 15:28:03 DESKTOP-AQ1M28G systemd[1]: Finished Terminate Plymouth Boot Screen.
Oct 30 15:28:03 DESKTOP-AQ1M28G systemd[1]: Finished Set console scheme.
Oct 30 15:28:03 DESKTOP-AQ1M28G systemd[1]: Created slice Slice /system/getty.
Oct 30 15:28:03 DESKTOP-AQ1M28G systemd[1]: Started Getty on tty1.
Oct 30 15:28:03 DESKTOP-AQ1M28G systemd[1]: Reached target Login Prompts.
Oct 30 15:28:03 DESKTOP-AQ1M28G networkd-dispatcher[150]: No valid path found for iwconfig
Oct 30 15:28:03 DESKTOP-AQ1M28G networkd-dispatcher[150]: No valid path found for iw
Oct 30 15:28:03 DESKTOP-AQ1M28G dbus-daemon[130]: [system] Activating via systemd: service name='org.freedesktop.network1' unit='dbus-org.freedesktop.network1.service' requested by ':1.3' (uid=0 pid=232 comm="/usr/bin/networkctl list --no-pager --no-legend ")
Oct 30 15:28:03 DESKTOP-AQ1M28G dbus-daemon[130]: [system] Activation via systemd failed for unit 'dbus-org.freedesktop.network1.service': Unit dbus-org.freedesktop.network1.service not found.
Oct 30 15:28:03 DESKTOP-AQ1M28G networkd-dispatcher[232]: WARNING: systemd-networkd is not running, output will be incomplete.
Oct 30 15:28:03 DESKTOP-AQ1M28G networkd-dispatcher[150]: ERROR:Unknown state for interface NetworkctlListState(idx=1, name='lo', type='loopback', operational='n/a', administrative='unmanaged'): n/a
Oct 30 15:28:03 DESKTOP-AQ1M28G networkd-dispatcher[150]: Traceback (most recent call last):
Oct 30 15:28:03 DESKTOP-AQ1M28G networkd-dispatcher[150]:   File "/usr/bin/networkd-dispatcher", line 298, in trigger_all
Oct 30 15:28:03 DESKTOP-AQ1M28G networkd-dispatcher[150]:     self.handle_state(iface_name,
Oct 30 15:28:03 DESKTOP-AQ1M28G networkd-dispatcher[150]:   File "/usr/bin/networkd-dispatcher", line 348, in handle_state
Oct 30 15:28:03 DESKTOP-AQ1M28G networkd-dispatcher[150]:     raise UnknownState(operational_state)
Oct 30 15:28:03 DESKTOP-AQ1M28G networkd-dispatcher[150]: UnknownState: n/a
Oct 30 15:28:03 DESKTOP-AQ1M28G networkd-dispatcher[150]: ERROR:Unknown state for interface NetworkctlListState(idx=2, name='eth0', type='ether', operational='n/a', administrative='unmanaged'): n/a
Oct 30 15:28:03 DESKTOP-AQ1M28G networkd-dispatcher[150]: Traceback (most recent call last):
Oct 30 15:28:03 DESKTOP-AQ1M28G networkd-dispatcher[150]:   File "/usr/bin/networkd-dispatcher", line 298, in trigger_all
Oct 30 15:28:03 DESKTOP-AQ1M28G networkd-dispatcher[150]:     self.handle_state(iface_name,
Oct 30 15:28:03 DESKTOP-AQ1M28G networkd-dispatcher[150]:   File "/usr/bin/networkd-dispatcher", line 348, in handle_state
Oct 30 15:28:03 DESKTOP-AQ1M28G networkd-dispatcher[150]:     raise UnknownState(operational_state)
Oct 30 15:28:03 DESKTOP-AQ1M28G networkd-dispatcher[150]: UnknownState: n/a
Oct 30 15:28:03 DESKTOP-AQ1M28G systemd[1]: Started Dispatcher daemon for systemd-networkd.
Oct 30 15:28:06 DESKTOP-AQ1M28G kernel: [    8.698678] misc dxg: dxgk: dxgkio_query_adapter_info: Ioctl failed: -2
Oct 30 15:28:06 DESKTOP-AQ1M28G snapd[156]: overlord.go:272: Acquiring state lock file
Oct 30 15:28:06 DESKTOP-AQ1M28G snapd[156]: overlord.go:277: Acquired state lock file
Oct 30 15:28:06 DESKTOP-AQ1M28G snapd[156]: daemon.go:247: started snapd/2.60.4 (series 16; classic; devmode; wsl) ubuntu/22.04 (amd64) linux/5.15.90.1-microsoft-stand.
Oct 30 15:28:06 DESKTOP-AQ1M28G systemd[1]: tmp-syscheck\x2dmountpoint\x2d3142783103.mount: Deactivated successfully.
Oct 30 15:28:06 DESKTOP-AQ1M28G snapd[156]: daemon.go:340: adjusting startup timeout by 55s (pessimistic estimate of 30s plus 5s per snap)
Oct 30 15:28:06 DESKTOP-AQ1M28G snapd[156]: backends.go:58: AppArmor status: apparmor not enabled
Oct 30 15:28:06 DESKTOP-AQ1M28G systemd[1]: Started Snap Daemon.
Oct 30 15:28:06 DESKTOP-AQ1M28G dbus-daemon[130]: [system] Activating via systemd: service name='org.freedesktop.timedate1' unit='dbus-org.freedesktop.timedate1.service' requested by ':1.6' (uid=0 pid=156 comm="/usr/lib/snapd/snapd ")
Oct 30 15:28:06 DESKTOP-AQ1M28G systemd[1]: Starting Wait until snapd is fully seeded...
Oct 30 15:28:06 DESKTOP-AQ1M28G systemd[1]: Starting Time & Date Service...
Oct 30 15:28:06 DESKTOP-AQ1M28G dbus-daemon[130]: [system] Successfully activated service 'org.freedesktop.timedate1'
Oct 30 15:28:06 DESKTOP-AQ1M28G systemd[1]: Started Time & Date Service.
Oct 30 15:28:06 DESKTOP-AQ1M28G systemd[1]: Finished Wait until snapd is fully seeded.
Oct 30 15:28:06 DESKTOP-AQ1M28G systemd[1]: Condition check resulted in Auto import assertions from block devices being skipped.
Oct 30 15:28:06 DESKTOP-AQ1M28G systemd[1]: Reached target Multi-User System.
Oct 30 15:28:06 DESKTOP-AQ1M28G systemd[1]: Reached target Graphical Interface.
Oct 30 15:28:06 DESKTOP-AQ1M28G systemd[1]: Starting Record Runlevel Change in UTMP...
Oct 30 15:28:06 DESKTOP-AQ1M28G systemd[1]: systemd-update-utmp-runlevel.service: Deactivated successfully.
Oct 30 15:28:06 DESKTOP-AQ1M28G systemd[1]: Finished Record Runlevel Change in UTMP.
Oct 30 15:28:06 DESKTOP-AQ1M28G systemd[1]: Startup finished in 4.174s.
Oct 30 15:28:07 DESKTOP-AQ1M28G kernel: [    9.281907] misc dxg: dxgk: dxgkio_query_adapter_info: Ioctl failed: -2
Oct 30 15:28:07 DESKTOP-AQ1M28G kernel: [    9.283098] misc dxg: dxgk: dxgkio_query_adapter_info: Ioctl failed: -2
Oct 30 15:28:07 DESKTOP-AQ1M28G kernel: [    9.284091] misc dxg: dxgk: dxgkio_query_adapter_info: Ioctl failed: -2
Oct 30 15:28:07 DESKTOP-AQ1M28G kernel: [    9.285215] misc dxg: dxgk: dxgkio_query_adapter_info: Ioctl failed: -2
Oct 30 15:28:07 DESKTOP-AQ1M28G kernel: [    9.286316] misc dxg: dxgk: dxgkio_query_adapter_info: Ioctl failed: -2
Oct 30 15:28:07 DESKTOP-AQ1M28G kernel: [    9.287395] misc dxg: dxgk: dxgkio_query_adapter_info: Ioctl failed: -2
Oct 30 15:28:07 DESKTOP-AQ1M28G kernel: [    9.288325] misc dxg: dxgk: dxgkio_query_adapter_info: Ioctl failed: -2
Oct 30 15:28:07 DESKTOP-AQ1M28G kernel: [    9.289324] misc dxg: dxgk: dxgkio_query_adapter_info: Ioctl failed: -2
Oct 30 15:28:07 DESKTOP-AQ1M28G kernel: [    9.290248] misc dxg: dxgk: dxgkio_query_adapter_info: Ioctl failed: -2
Oct 30 15:28:07 DESKTOP-AQ1M28G kernel: [    9.290996] misc dxg: dxgk: dxgkio_query_adapter_info: Ioctl failed: -2
Oct 30 15:28:07 DESKTOP-AQ1M28G systemd[1]: dmesg.service: Deactivated successfully.
Oct 30 15:28:07 DESKTOP-AQ1M28G kernel: [    9.484367] WSL (2): Creating login session for phu
Oct 30 15:28:07 DESKTOP-AQ1M28G systemd[1]: Created slice User Slice of UID 1000.
Oct 30 15:28:07 DESKTOP-AQ1M28G systemd[1]: Starting User Runtime Directory /run/user/1000...
Oct 30 15:28:07 DESKTOP-AQ1M28G systemd[1]: Finished User Runtime Directory /run/user/1000.
Oct 30 15:28:07 DESKTOP-AQ1M28G systemd[1]: Starting User Manager for UID 1000...
Oct 30 15:28:07 DESKTOP-AQ1M28G systemd[429]: Queued start job for default target Main User Target.
Oct 30 15:28:07 DESKTOP-AQ1M28G kernel: [    9.789269] systemd-journald[43]: File /var/log/journal/52d59839980549a7a64178b2c88a7e14/user-1000.journal corrupted or uncleanly shut down, renaming and replacing.
Oct 30 15:28:07 DESKTOP-AQ1M28G systemd[429]: Created slice User Application Slice.
Oct 30 15:28:07 DESKTOP-AQ1M28G systemd[429]: Reached target Paths.
Oct 30 15:28:07 DESKTOP-AQ1M28G systemd[429]: Reached target Timers.
Oct 30 15:28:07 DESKTOP-AQ1M28G systemd[429]: Listening on GnuPG network certificate management daemon.
Oct 30 15:28:07 DESKTOP-AQ1M28G systemd[429]: Listening on GnuPG cryptographic agent and passphrase cache (access for web browsers).
Oct 30 15:28:07 DESKTOP-AQ1M28G systemd[429]: Listening on GnuPG cryptographic agent and passphrase cache (restricted).
Oct 30 15:28:07 DESKTOP-AQ1M28G systemd[429]: Listening on GnuPG cryptographic agent (ssh-agent emulation).
Oct 30 15:28:07 DESKTOP-AQ1M28G systemd[429]: Listening on GnuPG cryptographic agent and passphrase cache.
Oct 30 15:28:07 DESKTOP-AQ1M28G systemd[429]: Listening on debconf communication socket.
Oct 30 15:28:07 DESKTOP-AQ1M28G systemd[429]: Listening on REST API socket for snapd user session agent.
Oct 30 15:28:07 DESKTOP-AQ1M28G systemd[429]: Reached target Sockets.
Oct 30 15:28:07 DESKTOP-AQ1M28G systemd[429]: Reached target Basic System.
Oct 30 15:28:07 DESKTOP-AQ1M28G systemd[429]: Reached target Main User Target.
Oct 30 15:28:07 DESKTOP-AQ1M28G systemd[429]: Startup finished in 109ms.
Oct 30 15:28:07 DESKTOP-AQ1M28G systemd[1]: Started User Manager for UID 1000.
Oct 30 15:28:07 DESKTOP-AQ1M28G systemd[1]: Started Session c1 of User phu.
Oct 30 15:28:07 DESKTOP-AQ1M28G -m: i18n file is /snap/ubuntu-desktop-installer/1271/bin/subiquity/subiquitycore/i18n.py
Oct 30 15:28:07 DESKTOP-AQ1M28G -m: Final localedir is /snap/ubuntu-desktop-installer/share/locale
Oct 30 15:28:07 DESKTOP-AQ1M28G -m: switch_language en_US
Oct 30 15:28:07 DESKTOP-AQ1M28G kernel: [   10.196925] TCP: eth0: Driver has suspect GRO implementation, TCP performance may be compromised.
Oct 30 15:28:08 DESKTOP-AQ1M28G kernel: [   10.255148] misc dxg: dxgk: dxgkio_query_adapter_info: Ioctl failed: -2
Oct 30 15:28:41 DESKTOP-AQ1M28G systemd[1]: systemd-timedated.service: Deactivated successfully.
Oct 30 15:28:47 DESKTOP-AQ1M28G kernel: [   49.583073] hv_balloon: Max. dynamic memory size: 4030 MB
Oct 30 15:33:11 DESKTOP-AQ1M28G dbus-daemon[130]: [system] Activating via systemd: service name='org.freedesktop.timedate1' unit='dbus-org.freedesktop.timedate1.service' requested by ':1.6' (uid=0 pid=156 comm="/usr/lib/snapd/snapd ")
Oct 30 15:33:11 DESKTOP-AQ1M28G systemd[1]: Starting Time & Date Service...
Oct 30 15:33:11 DESKTOP-AQ1M28G dbus-daemon[130]: [system] Successfully activated service 'org.freedesktop.timedate1'
Oct 30 15:33:11 DESKTOP-AQ1M28G systemd[1]: Started Time & Date Service.
Oct 30 15:33:14 DESKTOP-AQ1M28G snapd[156]: storehelpers.go:773: cannot refresh: snap has no updates available: "bare", "core22", "gtk-common-themes", "snapd", "ubuntu-desktop-installer"
Oct 30 15:33:41 DESKTOP-AQ1M28G systemd[1]: systemd-timedated.service: Deactivated successfully.
Oct 30 15:37:37 DESKTOP-AQ1M28G systemd[1]: Starting Update APT News...
Oct 30 15:37:37 DESKTOP-AQ1M28G systemd[1]: Starting Update the local ESM caches...
Oct 30 15:37:38 DESKTOP-AQ1M28G python3[578]: failed to process /proc/version_signature.
Oct 30 15:37:38 DESKTOP-AQ1M28G python3[578]: Failed to parse kernel: 5.15.90.1-microsoft-standard-WSL2
Oct 30 15:37:41 DESKTOP-AQ1M28G systemd[1]: esm-cache.service: Deactivated successfully.
Oct 30 15:37:41 DESKTOP-AQ1M28G systemd[1]: Finished Update the local ESM caches.
Oct 30 15:37:44 DESKTOP-AQ1M28G dbus-daemon[130]: [system] Activating via systemd: service name='org.freedesktop.PackageKit' unit='packagekit.service' requested by ':1.12' (uid=0 pid=904 comm="/usr/bin/gdbus call --system --dest org.freedeskto")
Oct 30 15:37:44 DESKTOP-AQ1M28G systemd[1]: Reached target Network is Online.
Oct 30 15:37:44 DESKTOP-AQ1M28G systemd[1]: Starting PackageKit Daemon...
Oct 30 15:37:44 DESKTOP-AQ1M28G PackageKit: daemon start
Oct 30 15:37:44 DESKTOP-AQ1M28G dbus-daemon[130]: [system] Activating via systemd: service name='org.freedesktop.PolicyKit1' unit='polkit.service' requested by ':1.14' (uid=0 pid=907 comm="/usr/libexec/packagekitd ")
Oct 30 15:37:44 DESKTOP-AQ1M28G systemd[1]: Starting Authorization Manager...
Oct 30 15:37:44 DESKTOP-AQ1M28G polkitd[911]: started daemon version 0.105 using authority implementation `local' version `0.105'
Oct 30 15:37:44 DESKTOP-AQ1M28G dbus-daemon[130]: [system] Successfully activated service 'org.freedesktop.PolicyKit1'
Oct 30 15:37:44 DESKTOP-AQ1M28G systemd[1]: Started Authorization Manager.
Oct 30 15:37:44 DESKTOP-AQ1M28G dbus-daemon[130]: [system] Successfully activated service 'org.freedesktop.PackageKit'
Oct 30 15:37:44 DESKTOP-AQ1M28G systemd[1]: Started PackageKit Daemon.
Oct 30 15:37:45 DESKTOP-AQ1M28G systemd[1]: apt-news.service: Deactivated successfully.
Oct 30 15:37:45 DESKTOP-AQ1M28G systemd[1]: Finished Update APT News.
Oct 30 15:38:01 DESKTOP-AQ1M28G systemd[1]: Reloading.
Oct 30 15:38:01 DESKTOP-AQ1M28G systemd[1]: Condition check resulted in Daily apt download activities being skipped.
Oct 30 15:38:01 DESKTOP-AQ1M28G systemd[1]: Reloading.
Oct 30 15:38:02 DESKTOP-AQ1M28G systemd[1]: message repeated 2 times: [ Reloading.]
Oct 30 15:38:03 DESKTOP-AQ1M28G systemd[1]: Starting Ubuntu Advantage Timer for running repeated jobs...
Oct 30 15:38:03 DESKTOP-AQ1M28G systemd[1]: Starting The Apache HTTP Server...
Oct 30 15:38:03 DESKTOP-AQ1M28G systemd[1]: Started The Apache HTTP Server.
Oct 30 15:38:03 DESKTOP-AQ1M28G systemd[1]: ua-timer.service: Deactivated successfully.
Oct 30 15:38:03 DESKTOP-AQ1M28G systemd[1]: Finished Ubuntu Advantage Timer for running repeated jobs.
Oct 30 15:38:03 DESKTOP-AQ1M28G systemd[1]: Reloading.
Oct 30 15:38:03 DESKTOP-AQ1M28G systemd[1]: Reloading.
Oct 30 15:38:04 DESKTOP-AQ1M28G systemd[1]: Starting Disk Cache Cleaning Daemon for Apache HTTP Server...
Oct 30 15:38:04 DESKTOP-AQ1M28G systemd[1]: Started Disk Cache Cleaning Daemon for Apache HTTP Server.
Oct 30 15:38:04 DESKTOP-AQ1M28G systemd[1]: Reloading.
Oct 30 15:38:05 DESKTOP-AQ1M28G systemd[1]: message repeated 2 times: [ Reloading.]
Oct 30 15:38:05 DESKTOP-AQ1M28G systemd[1]: Condition check resulted in Daily apt upgrade and clean activities being skipped.
Oct 30 15:38:12 DESKTOP-AQ1M28G subiquity_event.338[338]: subiquity/Early/apply_autoinstall_config
Oct 30 15:38:12 DESKTOP-AQ1M28G subiquity_event.338[338]: subiquity/Early/apply_autoinstall_config
Oct 30 15:38:12 DESKTOP-AQ1M28G subiquity_event.338[338]: subiquity/Reporting/apply_autoinstall_config
Oct 30 15:38:12 DESKTOP-AQ1M28G subiquity_event.338[338]: subiquity/Reporting/apply_autoinstall_config
Oct 30 15:38:12 DESKTOP-AQ1M28G subiquity_event.338[338]: subiquity/Error/apply_autoinstall_config
Oct 30 15:38:12 DESKTOP-AQ1M28G subiquity_event.338[338]: subiquity/Error/apply_autoinstall_config
Oct 30 15:38:12 DESKTOP-AQ1M28G subiquity_event.338[338]: subiquity/Userdata/apply_autoinstall_config
Oct 30 15:38:12 DESKTOP-AQ1M28G subiquity_event.338[338]: subiquity/Userdata/apply_autoinstall_config
Oct 30 15:38:12 DESKTOP-AQ1M28G subiquity_event.338[338]: subiquity/Package/apply_autoinstall_config
Oct 30 15:38:12 DESKTOP-AQ1M28G subiquity_event.338[338]: subiquity/Package/apply_autoinstall_config
Oct 30 15:38:12 DESKTOP-AQ1M28G subiquity_event.338[338]: subiquity/Debconf/apply_autoinstall_config
Oct 30 15:38:12 DESKTOP-AQ1M28G subiquity_event.338[338]: subiquity/Debconf/apply_autoinstall_config
Oct 30 15:38:12 DESKTOP-AQ1M28G subiquity_event.338[338]: subiquity/Kernel/apply_autoinstall_config
Oct 30 15:38:12 DESKTOP-AQ1M28G subiquity_event.338[338]: subiquity/Kernel/apply_autoinstall_config
Oct 30 15:38:12 DESKTOP-AQ1M28G subiquity_event.338[338]: subiquity/Zdev/apply_autoinstall_config
Oct 30 15:38:12 DESKTOP-AQ1M28G subiquity_event.338[338]: subiquity/Zdev/apply_autoinstall_config
Oct 30 15:38:12 DESKTOP-AQ1M28G subiquity_event.338[338]: subiquity/Ad/apply_autoinstall_config
Oct 30 15:38:12 DESKTOP-AQ1M28G subiquity_event.338[338]: subiquity/Ad/apply_autoinstall_config
Oct 30 15:38:12 DESKTOP-AQ1M28G subiquity_event.338[338]: subiquity/Late/apply_autoinstall_config
Oct 30 15:38:12 DESKTOP-AQ1M28G subiquity_event.338[338]: subiquity/Late/apply_autoinstall_config
Oct 30 15:38:14 DESKTOP-AQ1M28G snapd[156]: storehelpers.go:773: cannot refresh: snap has no updates available: "bare", "core22", "gtk-common-themes", "snapd", "ubuntu-desktop-installer"
Oct 30 15:43:06 DESKTOP-AQ1M28G systemd[1]: Starting Cleanup of Temporary Directories...
Oct 30 15:43:07 DESKTOP-AQ1M28G systemd[1]: systemd-tmpfiles-clean.service: Deactivated successfully.
Oct 30 15:43:07 DESKTOP-AQ1M28G systemd[1]: Finished Cleanup of Temporary Directories.
Oct 30 15:49:46 DESKTOP-AQ1M28G systemd-sysctl[59]: Couldn't write '176' to 'kernel/sysrq', ignoring: No such file or directory
Oct 30 15:49:46 DESKTOP-AQ1M28G systemd-sysctl[59]: Couldn't write '1' to 'kernel/yama/ptrace_scope', ignoring: No such file or directory
Oct 30 15:49:46 DESKTOP-AQ1M28G systemd[1]: Finished Set the console keyboard layout.
Oct 30 15:49:46 DESKTOP-AQ1M28G systemd[1]: modprobe@drm.service: Deactivated successfully.
Oct 30 15:49:46 DESKTOP-AQ1M28G kernel: [    0.000000] Linux version 5.15.90.1-microsoft-standard-WSL2 (oe-user@oe-host) (x86_64-msft-linux-gcc (GCC) 9.3.0, GNU ld (GNU Binutils) 2.34.0.20200220) #1 SMP Fri Jan 27 02:56:13 UTC 2023
Oct 30 15:49:46 DESKTOP-AQ1M28G systemd[1]: Finished Load Kernel Module drm.
Oct 30 15:49:46 DESKTOP-AQ1M28G systemd[1]: modprobe@efi_pstore.service: Deactivated successfully.
Oct 30 15:49:46 DESKTOP-AQ1M28G systemd[1]: Finished Load Kernel Module efi_pstore.
Oct 30 15:49:46 DESKTOP-AQ1M28G kernel: [    0.000000] Command line: initrd=\initrd.img WSL_ROOT_INIT=1 panic=-1 nr_cpus=12 bonding.max_bonds=0 dummy.numdummies=0 fb_tunnels=none swiotlb=force console=hvc0 debug pty.legacy_count=0
Oct 30 15:49:46 DESKTOP-AQ1M28G kernel: [    0.000000] KERNEL supported cpus:
Oct 30 15:49:46 DESKTOP-AQ1M28G kernel: [    0.000000]   Intel GenuineIntel
Oct 30 15:49:46 DESKTOP-AQ1M28G kernel: [    0.000000]   AMD AuthenticAMD
Oct 30 15:49:46 DESKTOP-AQ1M28G kernel: [    0.000000]   Centaur CentaurHauls
Oct 30 15:49:46 DESKTOP-AQ1M28G kernel: [    0.000000] x86/fpu: Supporting XSAVE feature 0x001: 'x87 floating point registers'
Oct 30 15:49:46 DESKTOP-AQ1M28G kernel: [    0.000000] x86/fpu: Supporting XSAVE feature 0x002: 'SSE registers'
Oct 30 15:49:46 DESKTOP-AQ1M28G kernel: [    0.000000] x86/fpu: Supporting XSAVE feature 0x004: 'AVX registers'
Oct 30 15:49:46 DESKTOP-AQ1M28G systemd[1]: modprobe@fuse.service: Deactivated successfully.
Oct 30 15:49:46 DESKTOP-AQ1M28G kernel: [    0.000000] x86/fpu: xstate_offset[2]:  576, xstate_sizes[2]:  256
Oct 30 15:49:46 DESKTOP-AQ1M28G kernel: [    0.000000] x86/fpu: Enabled xstate features 0x7, context size is 832 bytes, using 'compacted' format.
Oct 30 15:49:46 DESKTOP-AQ1M28G kernel: [    0.000000] signal: max sigframe size: 1776
Oct 30 15:49:46 DESKTOP-AQ1M28G kernel: [    0.000000] BIOS-provided physical RAM map:
Oct 30 15:49:46 DESKTOP-AQ1M28G systemd[1]: Finished Load Kernel Module fuse.
Oct 30 15:49:46 DESKTOP-AQ1M28G kernel: [    0.000000] BIOS-e820: [mem 0x0000000000000000-0x000000000009ffff] usable
Oct 30 15:49:46 DESKTOP-AQ1M28G kernel: [    0.000000] BIOS-e820: [mem 0x00000000000e0000-0x00000000000e0fff] reserved
Oct 30 15:49:46 DESKTOP-AQ1M28G kernel: [    0.000000] BIOS-e820: [mem 0x0000000000100000-0x00000000001fffff] ACPI data
Oct 30 15:49:46 DESKTOP-AQ1M28G kernel: [    0.000000] BIOS-e820: [mem 0x0000000000200000-0x00000000f7ffffff] usable
Oct 30 15:49:46 DESKTOP-AQ1M28G systemd[1]: modprobe@pstore_blk.service: Deactivated successfully.
Oct 30 15:49:46 DESKTOP-AQ1M28G kernel: [    0.000000] BIOS-e820: [mem 0x0000000100000000-0x0000000103dfffff] usable
